Archive member included to satisfy reference by file (symbol)

c:/st/stm32cubeide_1.0.2/stm32cubeide/plugins/com.st.stm32cube.ide.mcu.externaltools.gnu-tools-for-stm32.7-2018-q2-update.win32_1.0.0.201904181610/tools/bin/../lib/gcc/arm-none-eabi/7.3.1/../../../../arm-none-eabi/lib/thumb/v7e-m/fpv4-sp/hard\libc_nano.a(lib_a-errno.o)
                              Core/Src/syscalls.o (__errno)
c:/st/stm32cubeide_1.0.2/stm32cubeide/plugins/com.st.stm32cube.ide.mcu.externaltools.gnu-tools-for-stm32.7-2018-q2-update.win32_1.0.0.201904181610/tools/bin/../lib/gcc/arm-none-eabi/7.3.1/../../../../arm-none-eabi/lib/thumb/v7e-m/fpv4-sp/hard\libc_nano.a(lib_a-exit.o)
                              c:/st/stm32cubeide_1.0.2/stm32cubeide/plugins/com.st.stm32cube.ide.mcu.externaltools.gnu-tools-for-stm32.7-2018-q2-update.win32_1.0.0.201904181610/tools/bin/../lib/gcc/arm-none-eabi/7.3.1/../../../../arm-none-eabi/lib/thumb/v7e-m/fpv4-sp/hard/crt0.o (exit)
c:/st/stm32cubeide_1.0.2/stm32cubeide/plugins/com.st.stm32cube.ide.mcu.externaltools.gnu-tools-for-stm32.7-2018-q2-update.win32_1.0.0.201904181610/tools/bin/../lib/gcc/arm-none-eabi/7.3.1/../../../../arm-none-eabi/lib/thumb/v7e-m/fpv4-sp/hard\libc_nano.a(lib_a-impure.o)
                              c:/st/stm32cubeide_1.0.2/stm32cubeide/plugins/com.st.stm32cube.ide.mcu.externaltools.gnu-tools-for-stm32.7-2018-q2-update.win32_1.0.0.201904181610/tools/bin/../lib/gcc/arm-none-eabi/7.3.1/../../../../arm-none-eabi/lib/thumb/v7e-m/fpv4-sp/hard\libc_nano.a(lib_a-exit.o) (_global_impure_ptr)
c:/st/stm32cubeide_1.0.2/stm32cubeide/plugins/com.st.stm32cube.ide.mcu.externaltools.gnu-tools-for-stm32.7-2018-q2-update.win32_1.0.0.201904181610/tools/bin/../lib/gcc/arm-none-eabi/7.3.1/../../../../arm-none-eabi/lib/thumb/v7e-m/fpv4-sp/hard\libc_nano.a(lib_a-init.o)
                              c:/st/stm32cubeide_1.0.2/stm32cubeide/plugins/com.st.stm32cube.ide.mcu.externaltools.gnu-tools-for-stm32.7-2018-q2-update.win32_1.0.0.201904181610/tools/bin/../lib/gcc/arm-none-eabi/7.3.1/../../../../arm-none-eabi/lib/thumb/v7e-m/fpv4-sp/hard/crt0.o (__libc_init_array)
c:/st/stm32cubeide_1.0.2/stm32cubeide/plugins/com.st.stm32cube.ide.mcu.externaltools.gnu-tools-for-stm32.7-2018-q2-update.win32_1.0.0.201904181610/tools/bin/../lib/gcc/arm-none-eabi/7.3.1/../../../../arm-none-eabi/lib/thumb/v7e-m/fpv4-sp/hard\libc_nano.a(lib_a-memcpy-stub.o)
                              Core/Src/signal_synthesis.o (memcpy)
c:/st/stm32cubeide_1.0.2/stm32cubeide/plugins/com.st.stm32cube.ide.mcu.externaltools.gnu-tools-for-stm32.7-2018-q2-update.win32_1.0.0.201904181610/tools/bin/../lib/gcc/arm-none-eabi/7.3.1/../../../../arm-none-eabi/lib/thumb/v7e-m/fpv4-sp/hard\libc_nano.a(lib_a-memset.o)
                              c:/st/stm32cubeide_1.0.2/stm32cubeide/plugins/com.st.stm32cube.ide.mcu.externaltools.gnu-tools-for-stm32.7-2018-q2-update.win32_1.0.0.201904181610/tools/bin/../lib/gcc/arm-none-eabi/7.3.1/../../../../arm-none-eabi/lib/thumb/v7e-m/fpv4-sp/hard/crt0.o (memset)
c:/st/stm32cubeide_1.0.2/stm32cubeide/plugins/com.st.stm32cube.ide.mcu.externaltools.gnu-tools-for-stm32.7-2018-q2-update.win32_1.0.0.201904181610/tools/bin/../lib/gcc/arm-none-eabi/7.3.1/../../../../arm-none-eabi/lib/thumb/v7e-m/fpv4-sp/hard\libm.a(lib_a-s_round.o)
                              Core/Src/signal_synthesis.o (round)
c:/st/stm32cubeide_1.0.2/stm32cubeide/plugins/com.st.stm32cube.ide.mcu.externaltools.gnu-tools-for-stm32.7-2018-q2-update.win32_1.0.0.201904181610/tools/bin/../lib/gcc/arm-none-eabi/7.3.1/../../../../arm-none-eabi/lib/thumb/v7e-m/fpv4-sp/hard\libm.a(lib_a-sf_tan.o)
                              Core/Src/filters.o (tanf)
c:/st/stm32cubeide_1.0.2/stm32cubeide/plugins/com.st.stm32cube.ide.mcu.externaltools.gnu-tools-for-stm32.7-2018-q2-update.win32_1.0.0.201904181610/tools/bin/../lib/gcc/arm-none-eabi/7.3.1/../../../../arm-none-eabi/lib/thumb/v7e-m/fpv4-sp/hard\libm.a(lib_a-w_fmod.o)
                              Core/Src/signal_synthesis.o (fmod)
c:/st/stm32cubeide_1.0.2/stm32cubeide/plugins/com.st.stm32cube.ide.mcu.externaltools.gnu-tools-for-stm32.7-2018-q2-update.win32_1.0.0.201904181610/tools/bin/../lib/gcc/arm-none-eabi/7.3.1/../../../../arm-none-eabi/lib/thumb/v7e-m/fpv4-sp/hard\libm.a(lib_a-w_log10.o)
                              Core/Src/math_helper.o (log10)
c:/st/stm32cubeide_1.0.2/stm32cubeide/plugins/com.st.stm32cube.ide.mcu.externaltools.gnu-tools-for-stm32.7-2018-q2-update.win32_1.0.0.201904181610/tools/bin/../lib/gcc/arm-none-eabi/7.3.1/../../../../arm-none-eabi/lib/thumb/v7e-m/fpv4-sp/hard\libm.a(lib_a-e_fmod.o)
                              c:/st/stm32cubeide_1.0.2/stm32cubeide/plugins/com.st.stm32cube.ide.mcu.externaltools.gnu-tools-for-stm32.7-2018-q2-update.win32_1.0.0.201904181610/tools/bin/../lib/gcc/arm-none-eabi/7.3.1/../../../../arm-none-eabi/lib/thumb/v7e-m/fpv4-sp/hard\libm.a(lib_a-w_fmod.o) (__ieee754_fmod)
[...]
Memory Configuration

Name             Origin             Length             Attributes
RAM              0x0000000020000000 0x0000000000050000 xrw
FLASH            0x0000000008000000 0x0000000000100000 xr
*default*        0x0000000000000000 0xffffffffffffffff

Linker script and memory map

LOAD c:/st/stm32cubeide_1.0.2/stm32cubeide/plugins/com.st.stm32cube.ide.mcu.externaltools.gnu-tools-for-stm32.7-2018-q2-update.win32_1.0.0.201904181610/tools/bin/../lib/gcc/arm-none-eabi/7.3.1/thumb/v7e-m/fpv4-sp/hard/crti.o
LOAD c:/st/stm32cubeide_1.0.2/stm32cubeide/plugins/com.st.stm32cube.ide.mcu.externaltools.gnu-tools-for-stm32.7-2018-q2-update.win32_1.0.0.201904181610/tools/bin/../lib/gcc/arm-none-eabi/7.3.1/thumb/v7e-m/fpv4-sp/hard/crtbegin.o
LOAD c:/st/stm32cubeide_1.0.2/stm32cubeide/plugins/com.st.stm32cube.ide.mcu.externaltools.gnu-tools-for-stm32.7-2018-q2-update.win32_1.0.0.201904181610/tools/bin/../lib/gcc/arm-none-eabi/7.3.1/../../../../arm-none-eabi/lib/thumb/v7e-m/fpv4-sp/hard/crt0.o
LOAD Core/Src/Music_notes.o
LOAD Core/Src/filters.o
LOAD Core/Src/main.o
LOAD Core/Src/math_helper.o
LOAD Core/Src/signal_synthesis.o
LOAD Core/Src/sinLUT.o
LOAD Core/Src/stm32f7xx_hal_msp.o
LOAD Core/Src/stm32f7xx_it.o
LOAD Core/Src/syscalls.o
LOAD Core/Src/sysmem.o
LOAD Core/Src/system_stm32f7xx.o
LOAD Core/Startup/startup_stm32f746zgtx.o
LOAD Drivers/STM32F7xx_HAL_Driver/Src/stm32f7xx_hal.o
LOAD Drivers/STM32F7xx_HAL_Driver/Src/stm32f7xx_hal_cortex.o
LOAD Drivers/STM32F7xx_HAL_Driver/Src/stm32f7xx_hal_dac.o
LOAD Drivers/STM32F7xx_HAL_Driver/Src/stm32f7xx_hal_dac_ex.o
LOAD Drivers/STM32F7xx_HAL_Driver/Src/stm32f7xx_hal_dma.o
LOAD Drivers/STM32F7xx_HAL_Driver/Src/stm32f7xx_hal_dma_ex.o
LOAD Drivers/STM32F7xx_HAL_Driver/Src/stm32f7xx_hal_exti.o
LOAD Drivers/STM32F7xx_HAL_Driver/Src/stm32f7xx_hal_flash.o
LOAD Drivers/STM32F7xx_HAL_Driver/Src/stm32f7xx_hal_flash_ex.o
LOAD Drivers/STM32F7xx_HAL_Driver/Src/stm32f7xx_hal_gpio.o
LOAD Drivers/STM32F7xx_HAL_Driver/Src/stm32f7xx_hal_i2c.o
LOAD Drivers/STM32F7xx_HAL_Driver/Src/stm32f7xx_hal_i2c_ex.o
LOAD Drivers/STM32F7xx_HAL_Driver/Src/stm32f7xx_hal_pwr.o
LOAD Drivers/STM32F7xx_HAL_Driver/Src/stm32f7xx_hal_pwr_ex.o
LOAD Drivers/STM32F7xx_HAL_Driver/Src/stm32f7xx_hal_rcc.o
LOAD Drivers/STM32F7xx_HAL_Driver/Src/stm32f7xx_hal_rcc_ex.o
LOAD Drivers/STM32F7xx_HAL_Driver/Src/stm32f7xx_hal_tim.o
LOAD Drivers/STM32F7xx_HAL_Driver/Src/stm32f7xx_hal_tim_ex.o
LOAD Drivers/STM32F7xx_HAL_Driver/Src/stm32f7xx_hal_uart.o
LOAD Drivers/STM32F7xx_HAL_Driver/Src/stm32f7xx_hal_uart_ex.o
START GROUP
LOAD c:/st/stm32cubeide_1.0.2/stm32cubeide/plugins/com.st.stm32cube.ide.mcu.externaltools.gnu-tools-for-stm32.7-2018-q2-update.win32_1.0.0.201904181610/tools/bin/../lib/gcc/arm-none-eabi/7.3.1/../../../../arm-none-eabi/lib/thumb/v7e-m/fpv4-sp/hard\libc_nano.a
LOAD c:/st/stm32cubeide_1.0.2/stm32cubeide/plugins/com.st.stm32cube.ide.mcu.externaltools.gnu-tools-for-stm32.7-2018-q2-update.win32_1.0.0.201904181610/tools/bin/../lib/gcc/arm-none-eabi/7.3.1/../../../../arm-none-eabi/lib/thumb/v7e-m/fpv4-sp/hard\libm.a
END GROUP
START GROUP
LOAD c:/st/stm32cubeide_1.0.2/stm32cubeide/plugins/com.st.stm32cube.ide.mcu.externaltools.gnu-tools-for-stm32.7-2018-q2-update.win32_1.0.0.201904181610/tools/bin/../lib/gcc/arm-none-eabi/7.3.1/thumb/v7e-m/fpv4-sp/hard\libgcc.a
LOAD c:/st/stm32cubeide_1.0.2/stm32cubeide/plugins/com.st.stm32cube.ide.mcu.externaltools.gnu-tools-for-stm32.7-2018-q2-update.win32_1.0.0.201904181610/tools/bin/../lib/gcc/arm-none-eabi/7.3.1/../../../../arm-none-eabi/lib/thumb/v7e-m/fpv4-sp/hard\libc_nano.a
END GROUP
START GROUP
LOAD c:/st/stm32cubeide_1.0.2/stm32cubeide/plugins/com.st.stm32cube.ide.mcu.externaltools.gnu-tools-for-stm32.7-2018-q2-update.win32_1.0.0.201904181610/tools/bin/../lib/gcc/arm-none-eabi/7.3.1/thumb/v7e-m/fpv4-sp/hard\libgcc.a
LOAD c:/st/stm32cubeide_1.0.2/stm32cubeide/plugins/com.st.stm32cube.ide.mcu.externaltools.gnu-tools-for-stm32.7-2018-q2-update.win32_1.0.0.201904181610/tools/bin/../lib/gcc/arm-none-eabi/7.3.1/../../../../arm-none-eabi/lib/thumb/v7e-m/fpv4-sp/hard\libc_nano.a
LOAD c:/st/stm32cubeide_1.0.2/stm32cubeide/plugins/com.st.stm32cube.ide.mcu.externaltools.gnu-tools-for-stm32.7-2018-q2-update.win32_1.0.0.201904181610/tools/bin/../lib/gcc/arm-none-eabi/7.3.1/../../../../arm-none-eabi/lib/thumb/v7e-m/fpv4-sp/hard\libnosys.a
END GROUP
START GROUP
LOAD c:/st/stm32cubeide_1.0.2/stm32cubeide/plugins/com.st.stm32cube.ide.mcu.externaltools.gnu-tools-for-stm32.7-2018-q2-update.win32_1.0.0.201904181610/tools/bin/../lib/gcc/arm-none-eabi/7.3.1/thumb/v7e-m/fpv4-sp/hard\libgcc.a
LOAD c:/st/stm32cubeide_1.0.2/stm32cubeide/plugins/com.st.stm32cube.ide.mcu.externaltools.gnu-tools-for-stm32.7-2018-q2-update.win32_1.0.0.201904181610/tools/bin/../lib/gcc/arm-none-eabi/7.3.1/../../../../arm-none-eabi/lib/thumb/v7e-m/fpv4-sp/hard\libc_nano.a
LOAD c:/st/stm32cubeide_1.0.2/stm32cubeide/plugins/com.st.stm32cube.ide.mcu.externaltools.gnu-tools-for-stm32.7-2018-q2-update.win32_1.0.0.201904181610/tools/bin/../lib/gcc/arm-none-eabi/7.3.1/../../../../arm-none-eabi/lib/thumb/v7e-m/fpv4-sp/hard\libnosys.a
END GROUP
LOAD c:/st/stm32cubeide_1.0.2/stm32cubeide/plugins/com.st.stm32cube.ide.mcu.externaltools.gnu-tools-for-stm32.7-2018-q2-update.win32_1.0.0.201904181610/tools/bin/../lib/gcc/arm-none-eabi/7.3.1/thumb/v7e-m/fpv4-sp/hard/crtend.o
LOAD c:/st/stm32cubeide_1.0.2/stm32cubeide/plugins/com.st.stm32cube.ide.mcu.externaltools.gnu-tools-for-stm32.7-2018-q2-update.win32_1.0.0.201904181610/tools/bin/../lib/gcc/arm-none-eabi/7.3.1/thumb/v7e-m/fpv4-sp/hard/crtn.o
                0x0000000020050000                _estack = (ORIGIN (RAM) + LENGTH (RAM))
                0x0000000000000200                _Min_Heap_Size = 0x200
                0x0000000000000400                _Min_Stack_Size = 0x400

.isr_vector     0x0000000008000000      0x1c8
                0x0000000008000000                . = ALIGN (0x4)
 *(.isr_vector)
 .isr_vector    0x0000000008000000      0x1c8 Core/Startup/startup_stm32f746zgtx.o
                0x0000000008000000                g_pfnVectors
                0x00000000080001c8                . = ALIGN (0x4)

.text           0x00000000080001c8     0x6624
                0x00000000080001c8                . = ALIGN (0x4)
 *(.text)
 .text          0x00000000080001c8       0x40 c:/st/stm32cubeide_1.0.2/stm32cubeide/plugins/com.st.stm32cube.ide.mcu.externaltools.gnu-tools-for-stm32.7-2018-q2-update.win32_1.0.0.201904181610/tools/bin/../lib/gcc/arm-none-eabi/7.3.1/thumb/v7e-m/fpv4-sp/hard/crtbegin.o
 .text          0x0000000008000208      0x378 c:/st/stm32cubeide_1.0.2/stm32cubeide/plugins/com.st.stm32cube.ide.mcu.externaltools.gnu-tools-for-stm32.7-2018-q2-update.win32_1.0.0.201904181610/tools/bin/../lib/gcc/arm-none-eabi/7.3.1/thumb/v7e-m/fpv4-sp/hard\libgcc.a(_arm_addsubdf3.o)
                0x0000000008000208                __aeabi_drsub
                0x0000000008000210                __aeabi_dsub
                0x0000000008000210                __subdf3
                0x0000000008000214                __aeabi_dadd
                0x0000000008000214                __adddf3
                0x000000000800048c                __floatunsidf
                0x000000000800048c                __aeabi_ui2d
                0x00000000080004ac                __floatsidf
                0x00000000080004ac                __aeabi_i2d
                0x00000000080004d0                __aeabi_f2d
                0x00000000080004d0                __extendsfdf2
                0x0000000008000514                __floatundidf
                0x0000000008000514                __aeabi_ul2d
                0x0000000008000524                __floatdidf
                0x0000000008000524                __aeabi_l2d
 .text          0x0000000008000580      0x424 c:/st/stm32cubeide_1.0.2/stm32cubeide/plugins/com.st.stm32cube.ide.mcu.externaltools.gnu-tools-for-stm32.7-2018-q2-update.win32_1.0.0.201904181610/tools/bin/../lib/gcc/arm-none-eabi/7.3.1/thumb/v7e-m/fpv4-sp/hard\libgcc.a(_arm_muldivdf3.o)
                0x0000000008000580                __aeabi_dmul
                0x0000000008000580                __muldf3
                0x00000000080007d4                __divdf3
                0x00000000080007d4                __aeabi_ddiv
 .text          0x00000000080009a4      0x110 c:/st/stm32cubeide_1.0.2/stm32cubeide/plugins/com.st.stm32cube.ide.mcu.externaltools.gnu-tools-for-stm32.7-2018-q2-update.win32_1.0.0.201904181610/tools/bin/../lib/gcc/arm-none-eabi/7.3.1/thumb/v7e-m/fpv4-sp/hard\libgcc.a(_arm_cmpdf2.o)
                0x00000000080009a4                __gtdf2
                0x00000000080009a4                __gedf2
                0x00000000080009ac                __ltdf2
                0x00000000080009ac                __ledf2
                0x00000000080009b4                __nedf2
                0x00000000080009b4                __eqdf2
                0x00000000080009b4                __cmpdf2
                0x0000000008000a30                __aeabi_cdrcmple
                0x0000000008000a40                __aeabi_cdcmpeq
                0x0000000008000a40                __aeabi_cdcmple
                0x0000000008000a50                __aeabi_dcmpeq
                0x0000000008000a64                __aeabi_dcmplt
                0x0000000008000a78                __aeabi_dcmple
                0x0000000008000a8c                __aeabi_dcmpge
                0x0000000008000aa0                __aeabi_dcmpgt
 .text          0x0000000008000ab4       0x2c c:/st/stm32cubeide_1.0.2/stm32cubeide/plugins/com.st.stm32cube.ide.mcu.externaltools.gnu-tools-for-stm32.7-2018-q2-update.win32_1.0.0.201904181610/tools/bin/../lib/gcc/arm-none-eabi/7.3.1/thumb/v7e-m/fpv4-sp/hard\libgcc.a(_arm_unorddf2.o)
                0x0000000008000ab4                __unorddf2
                0x0000000008000ab4                __aeabi_dcmpun
 .text          0x0000000008000ae0       0x40 c:/st/stm32cubeide_1.0.2/stm32cubeide/plugins/com.st.stm32cube.ide.mcu.externaltools.gnu-tools-for-stm32.7-2018-q2-update.win32_1.0.0.201904181610/tools/bin/../lib/gcc/arm-none-eabi/7.3.1/thumb/v7e-m/fpv4-sp/hard\libgcc.a(_arm_fixunsdfsi.o)
                0x0000000008000ae0                __aeabi_d2uiz
                0x0000000008000ae0                __fixunsdfsi
 .text          0x0000000008000b20       0xa0 c:/st/stm32cubeide_1.0.2/stm32cubeide/plugins/com.st.stm32cube.ide.mcu.externaltools.gnu-tools-for-stm32.7-2018-q2-update.win32_1.0.0.201904181610/tools/bin/../lib/gcc/arm-none-eabi/7.3.1/thumb/v7e-m/fpv4-sp/hard\libgcc.a(_arm_truncdfsf2.o)
                0x0000000008000b20                __truncdfsf2
                0x0000000008000b20                __aeabi_d2f
 .text          0x0000000008000bc0       0x30 c:/st/stm32cubeide_1.0.2/stm32cubeide/plugins/com.st.stm32cube.ide.mcu.externaltools.gnu-tools-for-stm32.7-2018-q2-update.win32_1.0.0.201904181610/tools/bin/../lib/gcc/arm-none-eabi/7.3.1/thumb/v7e-m/fpv4-sp/hard\libgcc.a(_aeabi_uldivmod.o)
                0x0000000008000bc0                __aeabi_uldivmod
 .text          0x0000000008000bf0      0x2cc c:/st/stm32cubeide_1.0.2/stm32cubeide/plugins/com.st.stm32cube.ide.mcu.externaltools.gnu-tools-for-stm32.7-2018-q2-update.win32_1.0.0.201904181610/tools/bin/../lib/gcc/arm-none-eabi/7.3.1/thumb/v7e-m/fpv4-sp/hard\libgcc.a(_udivmoddi4.o)
                0x0000000008000bf0                __udivmoddi4
 .text          0x0000000008000ebc        0x4 c:/st/stm32cubeide_1.0.2/stm32cubeide/plugins/com.st.stm32cube.ide.mcu.externaltools.gnu-tools-for-stm32.7-2018-q2-update.win32_1.0.0.201904181610/tools/bin/../lib/gcc/arm-none-eabi/7.3.1/thumb/v7e-m/fpv4-sp/hard\libgcc.a(_dvmd_tls.o)
                0x0000000008000ebc                __aeabi_idiv0
                0x0000000008000ebc                __aeabi_ldiv0
 *(.text*)
 .text.Get_Keyindex
                0x0000000008000ec0       0x44 Core/Src/Music_notes.o
                0x0000000008000ec0                Get_Keyindex
 .text.Get_Note_Frequency
                0x0000000008000f04       0x54 Core/Src/Music_notes.o
                0x0000000008000f04                Get_Note_Frequency
 .text.Get_Note_Index
                0x0000000008000f58       0x36 Core/Src/Music_notes.o
                0x0000000008000f58                Get_Note_Index
 *fill*         0x0000000008000f8e        0x2 
 .text.Filters_Init
                0x0000000008000f90       0x20 Core/Src/filters.o
                0x0000000008000f90                Filters_Init
 .text.SetupLowpass
                0x0000000008000fb0      0x12c Core/Src/filters.o
                0x0000000008000fb0                SetupLowpass
 .text.ProcessFilterTest
                0x00000000080010dc       0xae Core/Src/filters.o
                0x00000000080010dc                ProcessFilterTest
 *fill*         0x000000000800118a        0x2 
 .text.HAL_DAC_ConvCpltCallbackCh1
                0x000000000800118c       0x20 Core/Src/main.o
                0x000000000800118c                HAL_DAC_ConvCpltCallbackCh1
 .text.HAL_DAC_ConvHalfCpltCallbackCh1
                0x00000000080011ac       0x20 Core/Src/main.o
                0x00000000080011ac                HAL_DAC_ConvHalfCpltCallbackCh1
 .text.HAL_DACEx_ConvHalfCpltCallbackCh2
                0x00000000080011cc       0x14 Core/Src/main.o
                0x00000000080011cc                HAL_DACEx_ConvHalfCpltCallbackCh2
 .text.HAL_DACEx_ConvCpltCallbackCh2
                0x00000000080011e0       0x14 Core/Src/main.o
                0x00000000080011e0                HAL_DACEx_ConvCpltCallbackCh2
 .text.main     0x00000000080011f4       0xa4 Core/Src/main.o
                0x00000000080011f4                main
 .text.SystemClock_Config
                0x0000000008001298      0x120 Core/Src/main.o
                0x0000000008001298                SystemClock_Config
 .text.MX_DAC_Init
                0x00000000080013b8       0x68 Core/Src/main.o
 .text.MX_TIM6_Init
                0x0000000008001420       0x6c Core/Src/main.o
 .text.MX_TIM8_Init
                0x000000000800148c      0x150 Core/Src/main.o
 .text.MX_USART3_UART_Init
                0x00000000080015dc       0x60 Core/Src/main.o
 .text.MX_DMA_Init
                0x000000000800163c       0x4c Core/Src/main.o
 .text.MX_GPIO_Init
                0x0000000008001688       0xb0 Core/Src/main.o
 .text.Error_Handler
                0x0000000008001738        0xe Core/Src/main.o
                0x0000000008001738                Error_Handler
 *fill*         0x0000000008001746        0x2 
 .text.Signal_Synthesis_Init
                0x0000000008001748       0x90 Core/Src/signal_synthesis.o
                0x0000000008001748                Signal_Synthesis_Init
 .text.SetTimerSettings
                0x00000000080017d8       0xa4 Core/Src/signal_synthesis.o
                0x00000000080017d8                SetTimerSettings
 .text.NewSignal
                0x000000000800187c       0xfc Core/Src/signal_synthesis.o
                0x000000000800187c                NewSignal
 .text.Signal_Synthesis
                0x0000000008001978      0x3bc Core/Src/signal_synthesis.o
                0x0000000008001978                Signal_Synthesis
 .text.HAL_MspInit
                0x0000000008001d34       0x48 Core/Src/stm32f7xx_hal_msp.o
                0x0000000008001d34                HAL_MspInit
 .text.HAL_DAC_MspInit
                0x0000000008001d7c      0x158 Core/Src/stm32f7xx_hal_msp.o
                0x0000000008001d7c                HAL_DAC_MspInit
 .text.HAL_TIM_Base_MspInit
                0x0000000008001ed4       0x68 Core/Src/stm32f7xx_hal_msp.o
                0x0000000008001ed4                HAL_TIM_Base_MspInit
 .text.HAL_UART_MspInit
                0x0000000008001f3c       0x88 Core/Src/stm32f7xx_hal_msp.o
                0x0000000008001f3c                HAL_UART_MspInit
 .text.NMI_Handler
                0x0000000008001fc4        0xe Core/Src/stm32f7xx_it.o
                0x0000000008001fc4                NMI_Handler
 .text.HardFault_Handler
                0x0000000008001fd2        0x6 Core/Src/stm32f7xx_it.o
                0x0000000008001fd2                HardFault_Handler
 .text.MemManage_Handler
                0x0000000008001fd8        0x6 Core/Src/stm32f7xx_it.o
                0x0000000008001fd8                MemManage_Handler
 .text.BusFault_Handler
                0x0000000008001fde        0x6 Core/Src/stm32f7xx_it.o
                0x0000000008001fde                BusFault_Handler
 .text.UsageFault_Handler
                0x0000000008001fe4        0x6 Core/Src/stm32f7xx_it.o
                0x0000000008001fe4                UsageFault_Handler
 .text.SVC_Handler
                0x0000000008001fea        0xe Core/Src/stm32f7xx_it.o
                0x0000000008001fea                SVC_Handler
 .text.DebugMon_Handler
                0x0000000008001ff8        0xe Core/Src/stm32f7xx_it.o
                0x0000000008001ff8                DebugMon_Handler
 .text.PendSV_Handler
                0x0000000008002006        0xe Core/Src/stm32f7xx_it.o
                0x0000000008002006                PendSV_Handler
 .text.SysTick_Handler
                0x0000000008002014        0xc Core/Src/stm32f7xx_it.o
                0x0000000008002014                SysTick_Handler
 .text.DMA1_Stream5_IRQHandler
                0x0000000008002020       0x14 Core/Src/stm32f7xx_it.o
                0x0000000008002020                DMA1_Stream5_IRQHandler
 .text.DMA1_Stream6_IRQHandler
                0x0000000008002034       0x14 Core/Src/stm32f7xx_it.o
                0x0000000008002034                DMA1_Stream6_IRQHandler
 .text.SystemInit
                0x0000000008002048       0x6c Core/Src/system_stm32f7xx.o
                0x0000000008002048                SystemInit
 .text.Reset_Handler
                0x00000000080020b4       0x50 Core/Startup/startup_stm32f746zgtx.o
                0x00000000080020b4                Reset_Handler
 .text.Default_Handler
                0x0000000008002104        0x2 Core/Startup/startup_stm32f746zgtx.o
                0x0000000008002104                RTC_Alarm_IRQHandler
                0x0000000008002104                EXTI2_IRQHandler
                0x0000000008002104                TIM8_CC_IRQHandler
                0x0000000008002104                UART8_IRQHandler
                0x0000000008002104                SPI4_IRQHandler
                0x0000000008002104                TIM1_CC_IRQHandler
                0x0000000008002104                DMA2_Stream5_IRQHandler
                0x0000000008002104                PVD_IRQHandler
                0x0000000008002104                TAMP_STAMP_IRQHandler
                0x0000000008002104                CAN2_RX1_IRQHandler
                0x0000000008002104                EXTI3_IRQHandler
                0x0000000008002104                TIM8_TRG_COM_TIM14_IRQHandler
                0x0000000008002104                TIM1_UP_TIM10_IRQHandler
                0x0000000008002104                TIM8_UP_TIM13_IRQHandler
                0x0000000008002104                I2C3_ER_IRQHandler
                0x0000000008002104                EXTI0_IRQHandler
                0x0000000008002104                I2C2_EV_IRQHandler
                0x0000000008002104                DMA1_Stream2_IRQHandler
                0x0000000008002104                CAN1_RX0_IRQHandler
                0x0000000008002104                FPU_IRQHandler
                0x0000000008002104                OTG_HS_WKUP_IRQHandler
                0x0000000008002104                LTDC_ER_IRQHandler
                0x0000000008002104                CAN2_SCE_IRQHandler
                0x0000000008002104                DMA2_Stream2_IRQHandler
                0x0000000008002104                SPI1_IRQHandler
                0x0000000008002104                TIM6_DAC_IRQHandler
                0x0000000008002104                TIM1_BRK_TIM9_IRQHandler
                0x0000000008002104                DCMI_IRQHandler
                0x0000000008002104                CAN2_RX0_IRQHandler
                0x0000000008002104                DMA2_Stream3_IRQHandler
                0x0000000008002104                SAI2_IRQHandler
                0x0000000008002104                USART6_IRQHandler
                0x0000000008002104                USART3_IRQHandler
                0x0000000008002104                CAN1_RX1_IRQHandler
                0x0000000008002104                UART5_IRQHandler
                0x0000000008002104                DMA2_Stream0_IRQHandler
                0x0000000008002104                TIM4_IRQHandler
                0x0000000008002104                QUADSPI_IRQHandler
                0x0000000008002104                I2C1_EV_IRQHandler
                0x0000000008002104                DMA1_Stream1_IRQHandler
                0x0000000008002104                UART4_IRQHandler
                0x0000000008002104                TIM3_IRQHandler
                0x0000000008002104                RCC_IRQHandler
                0x0000000008002104                TIM8_BRK_TIM12_IRQHandler
                0x0000000008002104                Default_Handler
                0x0000000008002104                CEC_IRQHandler
                0x0000000008002104                EXTI15_10_IRQHandler
                0x0000000008002104                ADC_IRQHandler
                0x0000000008002104                DMA1_Stream7_IRQHandler
                0x0000000008002104                SPI5_IRQHandler
                0x0000000008002104                TIM7_IRQHandler
                0x0000000008002104                SDMMC1_IRQHandler
                0x0000000008002104                CAN2_TX_IRQHandler
                0x0000000008002104                TIM5_IRQHandler
                0x0000000008002104                DMA2_Stream7_IRQHandler
                0x0000000008002104                I2C3_EV_IRQHandler
                0x0000000008002104                EXTI9_5_IRQHandler
                0x0000000008002104                RTC_WKUP_IRQHandler
                0x0000000008002104                LTDC_IRQHandler
                0x0000000008002104                ETH_WKUP_IRQHandler
                0x0000000008002104                SPDIF_RX_IRQHandler
                0x0000000008002104                SPI2_IRQHandler
                0x0000000008002104                OTG_HS_EP1_IN_IRQHandler
                0x0000000008002104                DMA1_Stream0_IRQHandler
                0x0000000008002104                CAN1_TX_IRQHandler
                0x0000000008002104                EXTI4_IRQHandler
                0x0000000008002104                RNG_IRQHandler
                0x0000000008002104                ETH_IRQHandler
                0x0000000008002104                OTG_HS_EP1_OUT_IRQHandler
                0x0000000008002104                WWDG_IRQHandler
                0x0000000008002104                SPI6_IRQHandler
                0x0000000008002104                I2C4_EV_IRQHandler
                0x0000000008002104                TIM2_IRQHandler
                0x0000000008002104                OTG_FS_WKUP_IRQHandler
                0x0000000008002104                TIM1_TRG_COM_TIM11_IRQHandler
                0x0000000008002104                OTG_HS_IRQHandler
                0x0000000008002104                DMA2D_IRQHandler
                0x0000000008002104                EXTI1_IRQHandler
                0x0000000008002104                UART7_IRQHandler
                0x0000000008002104                USART2_IRQHandler
                0x0000000008002104                I2C2_ER_IRQHandler
                0x0000000008002104                DMA2_Stream1_IRQHandler
                0x0000000008002104                CAN1_SCE_IRQHandler
                0x0000000008002104                FLASH_IRQHandler
                0x0000000008002104                DMA2_Stream4_IRQHandler
                0x0000000008002104                USART1_IRQHandler
                0x0000000008002104                OTG_FS_IRQHandler
                0x0000000008002104                SPI3_IRQHandler
                0x0000000008002104                DMA1_Stream4_IRQHandler
                0x0000000008002104                I2C1_ER_IRQHandler
                0x0000000008002104                FMC_IRQHandler
                0x0000000008002104                LPTIM1_IRQHandler
                0x0000000008002104                I2C4_ER_IRQHandler
                0x0000000008002104                DMA2_Stream6_IRQHandler
                0x0000000008002104                SAI1_IRQHandler
                0x0000000008002104                DMA1_Stream3_IRQHandler
 .text.HAL_Init
                0x0000000008002106       0x1a Drivers/STM32F7xx_HAL_Driver/Src/stm32f7xx_hal.o
                0x0000000008002106                HAL_Init
 .text.HAL_InitTick
                0x0000000008002120       0x60 Drivers/STM32F7xx_HAL_Driver/Src/stm32f7xx_hal.o
                0x0000000008002120                HAL_InitTick
 .text.HAL_IncTick
                0x0000000008002180       0x28 Drivers/STM32F7xx_HAL_Driver/Src/stm32f7xx_hal.o
                0x0000000008002180                HAL_IncTick
 .text.HAL_GetTick
                0x00000000080021a8       0x18 Drivers/STM32F7xx_HAL_Driver/Src/stm32f7xx_hal.o
                0x00000000080021a8                HAL_GetTick
 .text.__NVIC_SetPriorityGrouping
                0x00000000080021c0       0x48 Drivers/STM32F7xx_HAL_Driver/Src/stm32f7xx_hal_cortex.o
 .text.__NVIC_GetPriorityGrouping
                0x0000000008002208       0x1c Drivers/STM32F7xx_HAL_Driver/Src/stm32f7xx_hal_cortex.o
 .text.__NVIC_EnableIRQ
                0x0000000008002224       0x3c Drivers/STM32F7xx_HAL_Driver/Src/stm32f7xx_hal_cortex.o
 .text.__NVIC_SetPriority
                0x0000000008002260       0x54 Drivers/STM32F7xx_HAL_Driver/Src/stm32f7xx_hal_cortex.o
 .text.NVIC_EncodePriority
                0x00000000080022b4       0x66 Drivers/STM32F7xx_HAL_Driver/Src/stm32f7xx_hal_cortex.o
 *fill*         0x000000000800231a        0x2 
 .text.SysTick_Config
                0x000000000800231c       0x44 Drivers/STM32F7xx_HAL_Driver/Src/stm32f7xx_hal_cortex.o
 .text.HAL_NVIC_SetPriorityGrouping
                0x0000000008002360       0x16 Drivers/STM32F7xx_HAL_Driver/Src/stm32f7xx_hal_cortex.o
                0x0000000008002360                HAL_NVIC_SetPriorityGrouping
 .text.HAL_NVIC_SetPriority
                0x0000000008002376       0x38 Drivers/STM32F7xx_HAL_Driver/Src/stm32f7xx_hal_cortex.o
                0x0000000008002376                HAL_NVIC_SetPriority
 .text.HAL_NVIC_EnableIRQ
                0x00000000080023ae       0x1c Drivers/STM32F7xx_HAL_Driver/Src/stm32f7xx_hal_cortex.o
                0x00000000080023ae                HAL_NVIC_EnableIRQ
 .text.HAL_SYSTICK_Config
                0x00000000080023ca       0x18 Drivers/STM32F7xx_HAL_Driver/Src/stm32f7xx_hal_cortex.o
                0x00000000080023ca                HAL_SYSTICK_Config
 .text.HAL_DAC_Init
                0x00000000080023e2       0x44 Drivers/STM32F7xx_HAL_Driver/Src/stm32f7xx_hal_dac.o
                0x00000000080023e2                HAL_DAC_Init
 *fill*         0x0000000008002426        0x2 
 .text.HAL_DAC_Start_DMA
                0x0000000008002428      0x15c Drivers/STM32F7xx_HAL_Driver/Src/stm32f7xx_hal_dac.o
                0x0000000008002428                HAL_DAC_Start_DMA
 .text.HAL_DAC_ErrorCallbackCh1
                0x0000000008002584       0x14 Drivers/STM32F7xx_HAL_Driver/Src/stm32f7xx_hal_dac.o
                0x0000000008002584                HAL_DAC_ErrorCallbackCh1
 .text.HAL_DAC_ConfigChannel
                0x0000000008002598       0x9a Drivers/STM32F7xx_HAL_Driver/Src/stm32f7xx_hal_dac.o
                0x0000000008002598                HAL_DAC_ConfigChannel
 .text.DAC_DMAConvCpltCh1
                0x0000000008002632       0x22 Drivers/STM32F7xx_HAL_Driver/Src/stm32f7xx_hal_dac.o
 .text.DAC_DMAHalfConvCpltCh1
                0x0000000008002654       0x1c Drivers/STM32F7xx_HAL_Driver/Src/stm32f7xx_hal_dac.o
 .text.DAC_DMAErrorCh1
                0x0000000008002670       0x2e Drivers/STM32F7xx_HAL_Driver/Src/stm32f7xx_hal_dac.o
 .text.HAL_DACEx_ErrorCallbackCh2
                0x000000000800269e       0x14 Drivers/STM32F7xx_HAL_Driver/Src/stm32f7xx_hal_dac_ex.o
                0x000000000800269e                HAL_DACEx_ErrorCallbackCh2
 .text.DAC_DMAConvCpltCh2
                0x00000000080026b2       0x22 Drivers/STM32F7xx_HAL_Driver/Src/stm32f7xx_hal_dac_ex.o
                0x00000000080026b2                DAC_DMAConvCpltCh2
 .text.DAC_DMAHalfConvCpltCh2
                0x00000000080026d4       0x1c Drivers/STM32F7xx_HAL_Driver/Src/stm32f7xx_hal_dac_ex.o
                0x00000000080026d4                DAC_DMAHalfConvCpltCh2
 .text.DAC_DMAErrorCh2
                0x00000000080026f0       0x2e Drivers/STM32F7xx_HAL_Driver/Src/stm32f7xx_hal_dac_ex.o
                0x00000000080026f0                DAC_DMAErrorCh2
 *fill*         0x000000000800271e        0x2 
 .text.HAL_DMA_Init
                0x0000000008002720      0x15c Drivers/STM32F7xx_HAL_Driver/Src/stm32f7xx_hal_dma.o
                0x0000000008002720                HAL_DMA_Init
 .text.HAL_DMA_Start_IT
                0x000000000800287c       0xc0 Drivers/STM32F7xx_HAL_Driver/Src/stm32f7xx_hal_dma.o
                0x000000000800287c                HAL_DMA_Start_IT
 .text.HAL_DMA_IRQHandler
                0x000000000800293c      0x314 Drivers/STM32F7xx_HAL_Driver/Src/stm32f7xx_hal_dma.o
                0x000000000800293c                HAL_DMA_IRQHandler
 .text.DMA_SetConfig
                0x0000000008002c50       0x5c Drivers/STM32F7xx_HAL_Driver/Src/stm32f7xx_hal_dma.o
 .text.DMA_CalcBaseAndBitshift
                0x0000000008002cac       0x6c Drivers/STM32F7xx_HAL_Driver/Src/stm32f7xx_hal_dma.o
 .text.DMA_CheckFifoParam
                0x0000000008002d18       0xf4 Drivers/STM32F7xx_HAL_Driver/Src/stm32f7xx_hal_dma.o
 .text.HAL_GPIO_Init
                0x0000000008002e0c      0x354 Drivers/STM32F7xx_HAL_Driver/Src/stm32f7xx_hal_gpio.o
                0x0000000008002e0c                HAL_GPIO_Init
 .text.HAL_GPIO_WritePin
                0x0000000008003160       0x32 Drivers/STM32F7xx_HAL_Driver/Src/stm32f7xx_hal_gpio.o
                0x0000000008003160                HAL_GPIO_WritePin
 *fill*         0x0000000008003192        0x2 
 .text.HAL_PWREx_EnableOverDrive
                0x0000000008003194       0xa0 Drivers/STM32F7xx_HAL_Driver/Src/stm32f7xx_hal_pwr_ex.o
                0x0000000008003194                HAL_PWREx_EnableOverDrive
 .text.HAL_RCC_OscConfig
                0x0000000008003234      0x548 Drivers/STM32F7xx_HAL_Driver/Src/stm32f7xx_hal_rcc.o
                0x0000000008003234                HAL_RCC_OscConfig
 .text.HAL_RCC_ClockConfig
                0x000000000800377c      0x1d8 Drivers/STM32F7xx_HAL_Driver/Src/stm32f7xx_hal_rcc.o
                0x000000000800377c                HAL_RCC_ClockConfig
 .text.HAL_RCC_GetSysClockFreq
                0x0000000008003954      0x164 Drivers/STM32F7xx_HAL_Driver/Src/stm32f7xx_hal_rcc.o
                0x0000000008003954                HAL_RCC_GetSysClockFreq
 .text.HAL_RCC_GetHCLKFreq
                0x0000000008003ab8       0x18 Drivers/STM32F7xx_HAL_Driver/Src/stm32f7xx_hal_rcc.o
                0x0000000008003ab8                HAL_RCC_GetHCLKFreq
 .text.HAL_RCC_GetPCLK1Freq
                0x0000000008003ad0       0x28 Drivers/STM32F7xx_HAL_Driver/Src/stm32f7xx_hal_rcc.o
                0x0000000008003ad0                HAL_RCC_GetPCLK1Freq
 .text.HAL_RCC_GetPCLK2Freq
                0x0000000008003af8       0x28 Drivers/STM32F7xx_HAL_Driver/Src/stm32f7xx_hal_rcc.o
                0x0000000008003af8                HAL_RCC_GetPCLK2Freq
 .text.HAL_RCCEx_PeriphCLKConfig
                0x0000000008003b20      0x7dc Drivers/STM32F7xx_HAL_Driver/Src/stm32f7xx_hal_rcc_ex.o
                0x0000000008003b20                HAL_RCCEx_PeriphCLKConfig
 .text.HAL_TIM_Base_Init
                0x00000000080042fc       0x56 Drivers/STM32F7xx_HAL_Driver/Src/stm32f7xx_hal_tim.o
                0x00000000080042fc                HAL_TIM_Base_Init
 *fill*         0x0000000008004352        0x2 
 .text.HAL_TIM_Base_Start
                0x0000000008004354       0x54 Drivers/STM32F7xx_HAL_Driver/Src/stm32f7xx_hal_tim.o
                0x0000000008004354                HAL_TIM_Base_Start
 .text.HAL_TIM_PWM_Init
                0x00000000080043a8       0x56 Drivers/STM32F7xx_HAL_Driver/Src/stm32f7xx_hal_tim.o
                0x00000000080043a8                HAL_TIM_PWM_Init
 .text.HAL_TIM_PWM_MspInit
                0x00000000080043fe       0x14 Drivers/STM32F7xx_HAL_Driver/Src/stm32f7xx_hal_tim.o
                0x00000000080043fe                HAL_TIM_PWM_MspInit
 *fill*         0x0000000008004412        0x2 
 .text.HAL_TIM_PWM_ConfigChannel
                0x0000000008004414      0x230 Drivers/STM32F7xx_HAL_Driver/Src/stm32f7xx_hal_tim.o
                0x0000000008004414                HAL_TIM_PWM_ConfigChannel
 .text.HAL_TIM_ConfigClockSource
                0x0000000008004644      0x174 Drivers/STM32F7xx_HAL_Driver/Src/stm32f7xx_hal_tim.o
                0x0000000008004644                HAL_TIM_ConfigClockSource
 .text.TIM_Base_SetConfig
                0x00000000080047b8      0x140 Drivers/STM32F7xx_HAL_Driver/Src/stm32f7xx_hal_tim.o
                0x00000000080047b8                TIM_Base_SetConfig
 .text.TIM_OC1_SetConfig
                0x00000000080048f8       0xe4 Drivers/STM32F7xx_HAL_Driver/Src/stm32f7xx_hal_tim.o
 .text.TIM_OC2_SetConfig
                0x00000000080049dc       0xf0 Drivers/STM32F7xx_HAL_Driver/Src/stm32f7xx_hal_tim.o
                0x00000000080049dc                TIM_OC2_SetConfig
 .text.TIM_OC3_SetConfig
                0x0000000008004acc       0xec Drivers/STM32F7xx_HAL_Driver/Src/stm32f7xx_hal_tim.o
 .text.TIM_OC4_SetConfig
                0x0000000008004bb8       0xb0 Drivers/STM32F7xx_HAL_Driver/Src/stm32f7xx_hal_tim.o
 .text.TIM_OC5_SetConfig
                0x0000000008004c68       0xa4 Drivers/STM32F7xx_HAL_Driver/Src/stm32f7xx_hal_tim.o
 .text.TIM_OC6_SetConfig
                0x0000000008004d0c       0xa8 Drivers/STM32F7xx_HAL_Driver/Src/stm32f7xx_hal_tim.o
 .text.TIM_TI1_ConfigInputStage
                0x0000000008004db4       0x5e Drivers/STM32F7xx_HAL_Driver/Src/stm32f7xx_hal_tim.o
 .text.TIM_TI2_ConfigInputStage
                0x0000000008004e12       0x60 Drivers/STM32F7xx_HAL_Driver/Src/stm32f7xx_hal_tim.o
 .text.TIM_ITRx_SetConfig
                0x0000000008004e72       0x36 Drivers/STM32F7xx_HAL_Driver/Src/stm32f7xx_hal_tim.o
 .text.TIM_ETR_SetConfig
                0x0000000008004ea8       0x40 Drivers/STM32F7xx_HAL_Driver/Src/stm32f7xx_hal_tim.o
                0x0000000008004ea8                TIM_ETR_SetConfig
 .text.HAL_TIMEx_MasterConfigSynchronization
                0x0000000008004ee8      0x11c Drivers/STM32F7xx_HAL_Driver/Src/stm32f7xx_hal_tim_ex.o
                0x0000000008004ee8                HAL_TIMEx_MasterConfigSynchronization
 .text.HAL_TIMEx_ConfigBreakDeadTime
                0x0000000008005004       0xfc Drivers/STM32F7xx_HAL_Driver/Src/stm32f7xx_hal_tim_ex.o
                0x0000000008005004                HAL_TIMEx_ConfigBreakDeadTime
 .text.HAL_UART_Init
                0x0000000008005100       0x9c Drivers/STM32F7xx_HAL_Driver/Src/stm32f7xx_hal_uart.o
                0x0000000008005100                HAL_UART_Init
 .text.UART_SetConfig
                0x000000000800519c      0x554 Drivers/STM32F7xx_HAL_Driver/Src/stm32f7xx_hal_uart.o
                0x000000000800519c                UART_SetConfig
 .text.UART_AdvFeatureConfig
                0x00000000080056f0      0x144 Drivers/STM32F7xx_HAL_Driver/Src/stm32f7xx_hal_uart.o
                0x00000000080056f0                UART_AdvFeatureConfig
 .text.UART_CheckIdleState
                0x0000000008005834       0x5e Drivers/STM32F7xx_HAL_Driver/Src/stm32f7xx_hal_uart.o
                0x0000000008005834                UART_CheckIdleState
 .text.UART_WaitOnFlagUntilTimeout
                0x0000000008005892       0xf6 Drivers/STM32F7xx_HAL_Driver/Src/stm32f7xx_hal_uart.o
                0x0000000008005892                UART_WaitOnFlagUntilTimeout
 .text.__errno  0x0000000008005988        0xc c:/st/stm32cubeide_1.0.2/stm32cubeide/plugins/com.st.stm32cube.ide.mcu.externaltools.gnu-tools-for-stm32.7-2018-q2-update.win32_1.0.0.201904181610/tools/bin/../lib/gcc/arm-none-eabi/7.3.1/../../../../arm-none-eabi/lib/thumb/v7e-m/fpv4-sp/hard\libc_nano.a(lib_a-errno.o)
                0x0000000008005988                __errno
 .text.__libc_init_array
                0x0000000008005994       0x48 c:/st/stm32cubeide_1.0.2/stm32cubeide/plugins/com.st.stm32cube.ide.mcu.externaltools.gnu-tools-for-stm32.7-2018-q2-update.win32_1.0.0.201904181610/tools/bin/../lib/gcc/arm-none-eabi/7.3.1/../../../../arm-none-eabi/lib/thumb/v7e-m/fpv4-sp/hard\libc_nano.a(lib_a-init.o)
                0x0000000008005994                __libc_init_array
 .text.memcpy   0x00000000080059dc       0x16 c:/st/stm32cubeide_1.0.2/stm32cubeide/plugins/com.st.stm32cube.ide.mcu.externaltools.gnu-tools-for-stm32.7-2018-q2-update.win32_1.0.0.201904181610/tools/bin/../lib/gcc/arm-none-eabi/7.3.1/../../../../arm-none-eabi/lib/thumb/v7e-m/fpv4-sp/hard\libc_nano.a(lib_a-memcpy-stub.o)
                0x00000000080059dc                memcpy
 .text.memset   0x00000000080059f2       0x10 c:/st/stm32cubeide_1.0.2/stm32cubeide/plugins/com.st.stm32cube.ide.mcu.externaltools.gnu-tools-for-stm32.7-2018-q2-update.win32_1.0.0.201904181610/tools/bin/../lib/gcc/arm-none-eabi/7.3.1/../../../../arm-none-eabi/lib/thumb/v7e-m/fpv4-sp/hard\libc_nano.a(lib_a-memset.o)
                0x00000000080059f2                memset
 *fill*         0x0000000008005a02        0x2 
 .text.tanf     0x0000000008005a04       0x50 c:/st/stm32cubeide_1.0.2/stm32cubeide/plugins/com.st.stm32cube.ide.mcu.externaltools.gnu-tools-for-stm32.7-2018-q2-update.win32_1.0.0.201904181610/tools/bin/../lib/gcc/arm-none-eabi/7.3.1/../../../../arm-none-eabi/lib/thumb/v7e-m/fpv4-sp/hard\libm.a(lib_a-sf_tan.o)
                0x0000000008005a04                tanf
 .text.fmod     0x0000000008005a54       0xc8 c:/st/stm32cubeide_1.0.2/stm32cubeide/plugins/com.st.stm32cube.ide.mcu.externaltools.gnu-tools-for-stm32.7-2018-q2-update.win32_1.0.0.201904181610/tools/bin/../lib/gcc/arm-none-eabi/7.3.1/../../../../arm-none-eabi/lib/thumb/v7e-m/fpv4-sp/hard\libm.a(lib_a-w_fmod.o)
                0x0000000008005a54                fmod
 .text.__ieee754_fmod
                0x0000000008005b1c      0x224 c:/st/stm32cubeide_1.0.2/stm32cubeide/plugins/com.st.stm32cube.ide.mcu.externaltools.gnu-tools-for-stm32.7-2018-q2-update.win32_1.0.0.201904181610/tools/bin/../lib/gcc/arm-none-eabi/7.3.1/../../../../arm-none-eabi/lib/thumb/v7e-m/fpv4-sp/hard\libm.a(lib_a-e_fmod.o)
                0x0000000008005b1c                __ieee754_fmod
 .text.__ieee754_rem_pio2f
                0x0000000008005d40      0x258 c:/st/stm32cubeide_1.0.2/stm32cubeide/plugins/com.st.stm32cube.ide.mcu.externaltools.gnu-tools-for-stm32.7-2018-q2-update.win32_1.0.0.201904181610/tools/bin/../lib/gcc/arm-none-eabi/7.3.1/../../../../arm-none-eabi/lib/thumb/v7e-m/fpv4-sp/hard\libm.a(lib_a-ef_rem_pio2.o)
                0x0000000008005d40                __ieee754_rem_pio2f
 .text.__kernel_rem_pio2f
                0x0000000008005f98      0x504 c:/st/stm32cubeide_1.0.2/stm32cubeide/plugins/com.st.stm32cube.ide.mcu.externaltools.gnu-tools-for-stm32.7-2018-q2-update.win32_1.0.0.201904181610/tools/bin/../lib/gcc/arm-none-eabi/7.3.1/../../../../arm-none-eabi/lib/thumb/v7e-m/fpv4-sp/hard\libm.a(lib_a-kf_rem_pio2.o)
                0x0000000008005f98                __kernel_rem_pio2f
 .text.__kernel_tanf
                0x000000000800649c      0x1c8 c:/st/stm32cubeide_1.0.2/stm32cubeide/plugins/com.st.stm32cube.ide.mcu.externaltools.gnu-tools-for-stm32.7-2018-q2-update.win32_1.0.0.201904181610/tools/bin/../lib/gcc/arm-none-eabi/7.3.1/../../../../arm-none-eabi/lib/thumb/v7e-m/fpv4-sp/hard\libm.a(lib_a-kf_tan.o)
                0x000000000800649c                __kernel_tanf
 .text.matherr  0x0000000008006664        0x4 c:/st/stm32cubeide_1.0.2/stm32cubeide/plugins/com.st.stm32cube.ide.mcu.externaltools.gnu-tools-for-stm32.7-2018-q2-update.win32_1.0.0.201904181610/tools/bin/../lib/gcc/arm-none-eabi/7.3.1/../../../../arm-none-eabi/lib/thumb/v7e-m/fpv4-sp/hard\libm.a(lib_a-s_matherr.o)
                0x0000000008006664                matherr
 .text.fabsf    0x0000000008006668        0xe c:/st/stm32cubeide_1.0.2/stm32cubeide/plugins/com.st.stm32cube.ide.mcu.externaltools.gnu-tools-for-stm32.7-2018-q2-update.win32_1.0.0.201904181610/tools/bin/../lib/gcc/arm-none-eabi/7.3.1/../../../../arm-none-eabi/lib/thumb/v7e-m/fpv4-sp/hard\libm.a(lib_a-sf_fabs.o)
                0x0000000008006668                fabsf
 *fill*         0x0000000008006676        0x2 
 .text.floorf   0x0000000008006678       0x84 c:/st/stm32cubeide_1.0.2/stm32cubeide/plugins/com.st.stm32cube.ide.mcu.externaltools.gnu-tools-for-stm32.7-2018-q2-update.win32_1.0.0.201904181610/tools/bin/../lib/gcc/arm-none-eabi/7.3.1/../../../../arm-none-eabi/lib/thumb/v7e-m/fpv4-sp/hard\libm.a(lib_a-sf_floor.o)
                0x0000000008006678                floorf
 .text.scalbnf  0x00000000080066fc       0xc0 c:/st/stm32cubeide_1.0.2/stm32cubeide/plugins/com.st.stm32cube.ide.mcu.externaltools.gnu-tools-for-stm32.7-2018-q2-update.win32_1.0.0.201904181610/tools/bin/../lib/gcc/arm-none-eabi/7.3.1/../../../../arm-none-eabi/lib/thumb/v7e-m/fpv4-sp/hard\libm.a(lib_a-sf_scalbn.o)
                0x00000000080066fc                scalbnf
 .text.copysignf
                0x00000000080067bc       0x18 c:/st/stm32cubeide_1.0.2/stm32cubeide/plugins/com.st.stm32cube.ide.mcu.externaltools.gnu-tools-for-stm32.7-2018-q2-update.win32_1.0.0.201904181610/tools/bin/../lib/gcc/arm-none-eabi/7.3.1/../../../../arm-none-eabi/lib/thumb/v7e-m/fpv4-sp/hard\libm.a(lib_a-sf_copysign.o)
                0x00000000080067bc                copysignf
 *(.glue_7)
 .glue_7        0x00000000080067d4        0x0 linker stubs
 *(.glue_7t)
 .glue_7t       0x00000000080067d4        0x0 linker stubs
 *(.eh_frame)
 .eh_frame      0x00000000080067d4        0x0 c:/st/stm32cubeide_1.0.2/stm32cubeide/plugins/com.st.stm32cube.ide.mcu.externaltools.gnu-tools-for-stm32.7-2018-q2-update.win32_1.0.0.201904181610/tools/bin/../lib/gcc/arm-none-eabi/7.3.1/thumb/v7e-m/fpv4-sp/hard/crtbegin.o
 *(.init)
 .init          0x00000000080067d4        0x4 c:/st/stm32cubeide_1.0.2/stm32cubeide/plugins/com.st.stm32cube.ide.mcu.externaltools.gnu-tools-for-stm32.7-2018-q2-update.win32_1.0.0.201904181610/tools/bin/../lib/gcc/arm-none-eabi/7.3.1/thumb/v7e-m/fpv4-sp/hard/crti.o
                0x00000000080067d4                _init
 .init          0x00000000080067d8        0x8 c:/st/stm32cubeide_1.0.2/stm32cubeide/plugins/com.st.stm32cube.ide.mcu.externaltools.gnu-tools-for-stm32.7-2018-q2-update.win32_1.0.0.201904181610/tools/bin/../lib/gcc/arm-none-eabi/7.3.1/thumb/v7e-m/fpv4-sp/hard/crtn.o
 *(.fini)
 .fini          0x00000000080067e0        0x4 c:/st/stm32cubeide_1.0.2/stm32cubeide/plugins/com.st.stm32cube.ide.mcu.externaltools.gnu-tools-for-stm32.7-2018-q2-update.win32_1.0.0.201904181610/tools/bin/../lib/gcc/arm-none-eabi/7.3.1/thumb/v7e-m/fpv4-sp/hard/crti.o
                0x00000000080067e0                _fini
 .fini          0x00000000080067e4        0x8 c:/st/stm32cubeide_1.0.2/stm32cubeide/plugins/com.st.stm32cube.ide.mcu.externaltools.gnu-tools-for-stm32.7-2018-q2-update.win32_1.0.0.201904181610/tools/bin/../lib/gcc/arm-none-eabi/7.3.1/thumb/v7e-m/fpv4-sp/hard/crtn.o
                0x00000000080067ec                . = ALIGN (0x4)
                0x00000000080067ec                _etext = .

.vfp11_veneer   0x00000000080067ec        0x0
 .vfp11_veneer  0x00000000080067ec        0x0 linker stubs

.v4_bx          0x00000000080067ec        0x0
 .v4_bx         0x00000000080067ec        0x0 linker stubs

.iplt           0x00000000080067ec        0x0
 .iplt          0x00000000080067ec        0x0 c:/st/stm32cubeide_1.0.2/stm32cubeide/plugins/com.st.stm32cube.ide.mcu.externaltools.gnu-tools-for-stm32.7-2018-q2-update.win32_1.0.0.201904181610/tools/bin/../lib/gcc/arm-none-eabi/7.3.1/thumb/v7e-m/fpv4-sp/hard/crtbegin.o

.rodata         0x00000000080067f0    0x48960
                0x00000000080067f0                . = ALIGN (0x4)
 *(.rodata)
 .rodata        0x00000000080067f0    0x4853c Core/Src/sinLUT.o
                0x00000000080067f0                LUT
                0x000000000801fa8c                LUT_ENDINDEX
                0x000000000801fbb0                LUT_STARTINDEX
                0x000000000801fcd4                LUT_SUPPORTPOINTS
                0x000000000801fdf8                LUT_FREQUENCYS
                0x000000000801ff1c                LFO
                0x000000000804ed1c                LFO_ENDINDEX
                0x000000000804ed20                LFO_STARTINDEX
                0x000000000804ed24                LFO_SUPPORTPOINTS
                0x000000000804ed28                LFO_FREQUENCYS
 *(.rodata*)
 .rodata.keys   0x000000000804ed2c       0x1a Core/Src/Music_notes.o
                0x000000000804ed2c                keys
 *fill*         0x000000000804ed46        0x2 
 .rodata.AHBPrescTable
                0x000000000804ed48       0x10 Core/Src/system_stm32f7xx.o
                0x000000000804ed48                AHBPrescTable
 .rodata.APBPrescTable
                0x000000000804ed58        0x8 Core/Src/system_stm32f7xx.o
                0x000000000804ed58                APBPrescTable
 .rodata.flagBitshiftOffset.8858
                0x000000000804ed60        0x8 Drivers/STM32F7xx_HAL_Driver/Src/stm32f7xx_hal_dma.o
 .rodata.fmod.str1.1
                0x000000000804ed68        0x5 c:/st/stm32cubeide_1.0.2/stm32cubeide/plugins/com.st.stm32cube.ide.mcu.externaltools.gnu-tools-for-stm32.7-2018-q2-update.win32_1.0.0.201904181610/tools/bin/../lib/gcc/arm-none-eabi/7.3.1/../../../../arm-none-eabi/lib/thumb/v7e-m/fpv4-sp/hard\libm.a(lib_a-w_fmod.o)
 *fill*         0x000000000804ed6d        0x3 
 .rodata.Zero   0x000000000804ed70       0x10 c:/st/stm32cubeide_1.0.2/stm32cubeide/plugins/com.st.stm32cube.ide.mcu.externaltools.gnu-tools-for-stm32.7-2018-q2-update.win32_1.0.0.201904181610/tools/bin/../lib/gcc/arm-none-eabi/7.3.1/../../../../arm-none-eabi/lib/thumb/v7e-m/fpv4-sp/hard\libm.a(lib_a-e_fmod.o)
 .rodata.npio2_hw
                0x000000000804ed80       0x80 c:/st/stm32cubeide_1.0.2/stm32cubeide/plugins/com.st.stm32cube.ide.mcu.externaltools.gnu-tools-for-stm32.7-2018-q2-update.win32_1.0.0.201904181610/tools/bin/../lib/gcc/arm-none-eabi/7.3.1/../../../../arm-none-eabi/lib/thumb/v7e-m/fpv4-sp/hard\libm.a(lib_a-ef_rem_pio2.o)
 .rodata.two_over_pi
                0x000000000804ee00      0x318 c:/st/stm32cubeide_1.0.2/stm32cubeide/plugins/com.st.stm32cube.ide.mcu.externaltools.gnu-tools-for-stm32.7-2018-q2-update.win32_1.0.0.201904181610/tools/bin/../lib/gcc/arm-none-eabi/7.3.1/../../../../arm-none-eabi/lib/thumb/v7e-m/fpv4-sp/hard\libm.a(lib_a-ef_rem_pio2.o)
 .rodata.PIo2   0x000000000804f118       0x2c c:/st/stm32cubeide_1.0.2/stm32cubeide/plugins/com.st.stm32cube.ide.mcu.externaltools.gnu-tools-for-stm32.7-2018-q2-update.win32_1.0.0.201904181610/tools/bin/../lib/gcc/arm-none-eabi/7.3.1/../../../../arm-none-eabi/lib/thumb/v7e-m/fpv4-sp/hard\libm.a(lib_a-kf_rem_pio2.o)
 .rodata.init_jk
                0x000000000804f144        0xc c:/st/stm32cubeide_1.0.2/stm32cubeide/plugins/com.st.stm32cube.ide.mcu.externaltools.gnu-tools-for-stm32.7-2018-q2-update.win32_1.0.0.201904181610/tools/bin/../lib/gcc/arm-none-eabi/7.3.1/../../../../arm-none-eabi/lib/thumb/v7e-m/fpv4-sp/hard\libm.a(lib_a-kf_rem_pio2.o)
                0x000000000804f150                . = ALIGN (0x4)

.ARM.extab      0x000000000804f150        0x0
                0x000000000804f150                . = ALIGN (0x4)
 *(.ARM.extab* .gnu.linkonce.armextab.*)
                0x000000000804f150                . = ALIGN (0x4)

.ARM            0x000000000804f150        0x8
                0x000000000804f150                . = ALIGN (0x4)
                0x000000000804f150                __exidx_start = .
 *(.ARM.exidx*)
 .ARM.exidx     0x000000000804f150        0x8 c:/st/stm32cubeide_1.0.2/stm32cubeide/plugins/com.st.stm32cube.ide.mcu.externaltools.gnu-tools-for-stm32.7-2018-q2-update.win32_1.0.0.201904181610/tools/bin/../lib/gcc/arm-none-eabi/7.3.1/thumb/v7e-m/fpv4-sp/hard\libgcc.a(_udivmoddi4.o)
                0x000000000804f158                __exidx_end = .
                0x000000000804f158                . = ALIGN (0x4)

.rel.dyn        0x000000000804f158        0x0
 .rel.iplt      0x000000000804f158        0x0 c:/st/stm32cubeide_1.0.2/stm32cubeide/plugins/com.st.stm32cube.ide.mcu.externaltools.gnu-tools-for-stm32.7-2018-q2-update.win32_1.0.0.201904181610/tools/bin/../lib/gcc/arm-none-eabi/7.3.1/thumb/v7e-m/fpv4-sp/hard/crtbegin.o

.preinit_array  0x000000000804f158        0x0
                0x000000000804f158                . = ALIGN (0x4)
                0x000000000804f158                PROVIDE (__preinit_array_start = .)
 *(.preinit_array*)
                0x000000000804f158                PROVIDE (__preinit_array_end = .)
                0x000000000804f158                . = ALIGN (0x4)

.init_array     0x000000000804f158        0x4
                0x000000000804f158                . = ALIGN (0x4)
                0x000000000804f158                PROVIDE (__init_array_start = .)
 *(SORT_BY_NAME(.init_array.*))
 *(.init_array*)
 .init_array    0x000000000804f158        0x4 c:/st/stm32cubeide_1.0.2/stm32cubeide/plugins/com.st.stm32cube.ide.mcu.externaltools.gnu-tools-for-stm32.7-2018-q2-update.win32_1.0.0.201904181610/tools/bin/../lib/gcc/arm-none-eabi/7.3.1/thumb/v7e-m/fpv4-sp/hard/crtbegin.o
                0x000000000804f15c                PROVIDE (__init_array_end = .)
                0x000000000804f15c                . = ALIGN (0x4)

.fini_array     0x000000000804f15c        0x4
                0x000000000804f15c                . = ALIGN (0x4)
                [!provide]                        PROVIDE (__fini_array_start = .)
 *(SORT_BY_NAME(.fini_array.*))
 *(.fini_array*)
 .fini_array    0x000000000804f15c        0x4 c:/st/stm32cubeide_1.0.2/stm32cubeide/plugins/com.st.stm32cube.ide.mcu.externaltools.gnu-tools-for-stm32.7-2018-q2-update.win32_1.0.0.201904181610/tools/bin/../lib/gcc/arm-none-eabi/7.3.1/thumb/v7e-m/fpv4-sp/hard/crtbegin.o
                [!provide]                        PROVIDE (__fini_array_end = .)
                0x000000000804f160                . = ALIGN (0x4)
                0x000000000804f160                _sidata = LOADADDR (.data)

.data           0x0000000020000000       0x84 load address 0x000000000804f160
                0x0000000020000000                . = ALIGN (0x4)
                0x0000000020000000                _sdata = .
 *(.data)
 *(.data*)
 .data.samplerate
                0x0000000020000000        0x4 Core/Src/filters.o
                0x0000000020000000                samplerate
 *fill*         0x0000000020000004        0x4 
 .data.maxValueDAC
                0x0000000020000008        0x8 Core/Src/signal_synthesis.o
                0x0000000020000008                maxValueDAC
 .data.SystemCoreClock
                0x0000000020000010        0x4 Core/Src/system_stm32f7xx.o
                0x0000000020000010                SystemCoreClock
 .data.uwTickPrio
                0x0000000020000014        0x4 Drivers/STM32F7xx_HAL_Driver/Src/stm32f7xx_hal.o
                0x0000000020000014                uwTickPrio
 .data.uwTickFreq
                0x0000000020000018        0x1 Drivers/STM32F7xx_HAL_Driver/Src/stm32f7xx_hal.o
                0x0000000020000018                uwTickFreq
 *fill*         0x0000000020000019        0x3 
 .data._impure_ptr
                0x000000002000001c        0x4 c:/st/stm32cubeide_1.0.2/stm32cubeide/plugins/com.st.stm32cube.ide.mcu.externaltools.gnu-tools-for-stm32.7-2018-q2-update.win32_1.0.0.201904181610/tools/bin/../lib/gcc/arm-none-eabi/7.3.1/../../../../arm-none-eabi/lib/thumb/v7e-m/fpv4-sp/hard\libc_nano.a(lib_a-impure.o)
                0x000000002000001c                _impure_ptr
 .data.impure_data
                0x0000000020000020       0x60 c:/st/stm32cubeide_1.0.2/stm32cubeide/plugins/com.st.stm32cube.ide.mcu.externaltools.gnu-tools-for-stm32.7-2018-q2-update.win32_1.0.0.201904181610/tools/bin/../lib/gcc/arm-none-eabi/7.3.1/../../../../arm-none-eabi/lib/thumb/v7e-m/fpv4-sp/hard\libc_nano.a(lib_a-impure.o)
 .data.__fdlib_version
                0x0000000020000080        0x1 c:/st/stm32cubeide_1.0.2/stm32cubeide/plugins/com.st.stm32cube.ide.mcu.externaltools.gnu-tools-for-stm32.7-2018-q2-update.win32_1.0.0.201904181610/tools/bin/../lib/gcc/arm-none-eabi/7.3.1/../../../../arm-none-eabi/lib/thumb/v7e-m/fpv4-sp/hard\libm.a(lib_a-s_lib_ver.o)
                0x0000000020000080                __fdlib_version
                0x0000000020000084                . = ALIGN (0x4)
 *fill*         0x0000000020000081        0x3 
                0x0000000020000084                _edata = .

.igot.plt       0x0000000020000084        0x0 load address 0x000000000804f1e4
 .igot.plt      0x0000000020000084        0x0 c:/st/stm32cubeide_1.0.2/stm32cubeide/plugins/com.st.stm32cube.ide.mcu.externaltools.gnu-tools-for-stm32.7-2018-q2-update.win32_1.0.0.201904181610/tools/bin/../lib/gcc/arm-none-eabi/7.3.1/thumb/v7e-m/fpv4-sp/hard/crtbegin.o
                0x0000000020000084                . = ALIGN (0x4)

.bss            0x0000000020000088    0x246a8 load address 0x000000000804f1e4
                0x0000000020000088                _sbss = .
                0x0000000020000088                __bss_start__ = _sbss
 *(.bss)
 .bss           0x0000000020000088       0x1c c:/st/stm32cubeide_1.0.2/stm32cubeide/plugins/com.st.stm32cube.ide.mcu.externaltools.gnu-tools-for-stm32.7-2018-q2-update.win32_1.0.0.201904181610/tools/bin/../lib/gcc/arm-none-eabi/7.3.1/thumb/v7e-m/fpv4-sp/hard/crtbegin.o
 *(.bss*)
 *(COMMON)
 *fill*         0x00000000200000a4        0x4 
 COMMON         0x00000000200000a8    0x244a8 Core/Src/Music_notes.o
                0x00000000200000a8                outputBuffer_position
                0x00000000200000ac                EQ_BAND3
                0x00000000200000d4                output_Channel
                0x00000000200000d8                EQ_BAND5
                0x0000000020000100                tremollo
                0x0000000020000110                sigFreq_sampleFreq_ratio
                0x0000000020000114                LP_DELAY
                0x000000002000013c                output_vector1
                0x000000002000813c                effect_LFO
                0x000000002000c13c                EQ_BAND2
                0x000000002000c168                signals1
                0x000000002000c2d8                ID_array
                0x000000002000c2ec                LP_AA
                0x000000002000c314                EQ_BAND4
                0x000000002000c33c                LP_REVERB
                0x000000002000c364                EQ_BAND1
                0x000000002000c38c                output_vector2
                0x000000002001438c                calculate_vector2
                0x000000002001c38c                LP_WAH
                0x000000002001c3b4                calculate_vector1
                0x00000000200243b8                signals2
                0x0000000020024528                HP_WAH
 COMMON         0x0000000020024550      0x1dc Core/Src/main.o
                0x0000000020024550                htim8
                0x0000000020024590                huart3
                0x0000000020024610                PWM_status_TIM8
                0x0000000020024614                hdma_dac1
                0x0000000020024674                hdac
                0x0000000020024688                PWM_status_TIM1
                0x000000002002468c                htim6
                0x00000000200246cc                hdma_dac2
 COMMON         0x000000002002472c        0x4 Drivers/STM32F7xx_HAL_Driver/Src/stm32f7xx_hal.o
                0x000000002002472c                uwTick
                0x0000000020024730                . = ALIGN (0x4)
                0x0000000020024730                _ebss = .
                0x0000000020024730                __bss_end__ = _ebss

._user_heap_stack
                0x0000000020024730      0x600 load address 0x000000000804f1e4
                0x0000000020024730                . = ALIGN (0x8)
                0x0000000020024730                PROVIDE (end = .)
                [!provide]                        PROVIDE (_end = .)
                0x0000000020024930                . = (. + _Min_Heap_Size)
 *fill*         0x0000000020024730      0x200 
                0x0000000020024d30                . = (. + _Min_Stack_Size)
 *fill*         0x0000000020024930      0x400 
                0x0000000020024d30                . = ALIGN (0x8)

/DISCARD/
 libc.a(*)
 libm.a(*)
 libgcc.a(*)

.ARM.attributes
                0x0000000000000000       0x30
 *(.ARM.attributes)
 .ARM.attributes
                0x0000000000000000       0x22 c:/st/stm32cubeide_1.0.2/stm32cubeide/plugins/com.st.stm32cube.ide.mcu.externaltools.gnu-tools-for-stm32.7-2018-q2-update.win32_1.0.0.201904181610/tools/bin/../lib/gcc/arm-none-eabi/7.3.1/thumb/v7e-m/fpv4-sp/hard/crti.o
 .ARM.attributes
                0x0000000000000022       0x34 c:/st/stm32cubeide_1.0.2/stm32cubeide/plugins/com.st.stm32cube.ide.mcu.externaltools.gnu-tools-for-stm32.7-2018-q2-update.win32_1.0.0.201904181610/tools/bin/../lib/gcc/arm-none-eabi/7.3.1/thumb/v7e-m/fpv4-sp/hard/crtbegin.o
 .ARM.attributes
                0x0000000000000056       0x39 Core/Src/Music_notes.o
 .ARM.attributes
                0x000000000000008f       0x39 Core/Src/filters.o
 .ARM.attributes
                0x00000000000000c8       0x39 Core/Src/main.o
 .ARM.attributes
                0x0000000000000101       0x39 Core/Src/signal_synthesis.o
 .ARM.attributes
                0x000000000000013a       0x39 Core/Src/sinLUT.o
 .ARM.attributes
                0x0000000000000173       0x39 Core/Src/stm32f7xx_hal_msp.o
 .ARM.attributes
                0x00000000000001ac       0x39 Core/Src/stm32f7xx_it.o
 .ARM.attributes
                0x00000000000001e5       0x39 Core/Src/system_stm32f7xx.o
 .ARM.attributes
                0x000000000000021e       0x21 Core/Startup/startup_stm32f746zgtx.o
 .ARM.attributes
                0x000000000000023f       0x39 Drivers/STM32F7xx_HAL_Driver/Src/stm32f7xx_hal.o
 .ARM.attributes
                0x0000000000000278       0x39 Drivers/STM32F7xx_HAL_Driver/Src/stm32f7xx_hal_cortex.o
 .ARM.attributes
                0x00000000000002b1       0x39 Drivers/STM32F7xx_HAL_Driver/Src/stm32f7xx_hal_dac.o
 .ARM.attributes
                0x00000000000002ea       0x39 Drivers/STM32F7xx_HAL_Driver/Src/stm32f7xx_hal_dac_ex.o
 .ARM.attributes
                0x0000000000000323       0x39 Drivers/STM32F7xx_HAL_Driver/Src/stm32f7xx_hal_dma.o
 .ARM.attributes
                0x000000000000035c       0x39 Drivers/STM32F7xx_HAL_Driver/Src/stm32f7xx_hal_gpio.o
 .ARM.attributes
                0x0000000000000395       0x39 Drivers/STM32F7xx_HAL_Driver/Src/stm32f7xx_hal_pwr_ex.o
 .ARM.attributes
                0x00000000000003ce       0x39 Drivers/STM32F7xx_HAL_Driver/Src/stm32f7xx_hal_rcc.o
 .ARM.attributes
                0x0000000000000407       0x39 Drivers/STM32F7xx_HAL_Driver/Src/stm32f7xx_hal_rcc_ex.o
 .ARM.attributes
                0x0000000000000440       0x39 Drivers/STM32F7xx_HAL_Driver/Src/stm32f7xx_hal_tim.o
 .ARM.attributes
                0x0000000000000479       0x39 Drivers/STM32F7xx_HAL_Driver/Src/stm32f7xx_hal_tim_ex.o
 .ARM.attributes
                0x00000000000004b2       0x39 Drivers/STM32F7xx_HAL_Driver/Src/stm32f7xx_hal_uart.o
 .ARM.attributes
                0x00000000000004eb       0x34 c:/st/stm32cubeide_1.0.2/stm32cubeide/plugins/com.st.stm32cube.ide.mcu.externaltools.gnu-tools-for-stm32.7-2018-q2-update.win32_1.0.0.201904181610/tools/bin/../lib/gcc/arm-none-eabi/7.3.1/../../../../arm-none-eabi/lib/thumb/v7e-m/fpv4-sp/hard\libc_nano.a(lib_a-errno.o)
 .ARM.attributes
                0x000000000000051f       0x34 c:/st/stm32cubeide_1.0.2/stm32cubeide/plugins/com.st.stm32cube.ide.mcu.externaltools.gnu-tools-for-stm32.7-2018-q2-update.win32_1.0.0.201904181610/tools/bin/../lib/gcc/arm-none-eabi/7.3.1/../../../../arm-none-eabi/lib/thumb/v7e-m/fpv4-sp/hard\libc_nano.a(lib_a-impure.o)
 .ARM.attributes
                0x0000000000000553       0x34 c:/st/stm32cubeide_1.0.2/stm32cubeide/plugins/com.st.stm32cube.ide.mcu.externaltools.gnu-tools-for-stm32.7-2018-q2-update.win32_1.0.0.201904181610/tools/bin/../lib/gcc/arm-none-eabi/7.3.1/../../../../arm-none-eabi/lib/thumb/v7e-m/fpv4-sp/hard\libc_nano.a(lib_a-init.o)
 .ARM.attributes
                0x0000000000000587       0x34 c:/st/stm32cubeide_1.0.2/stm32cubeide/plugins/com.st.stm32cube.ide.mcu.externaltools.gnu-tools-for-stm32.7-2018-q2-update.win32_1.0.0.201904181610/tools/bin/../lib/gcc/arm-none-eabi/7.3.1/../../../../arm-none-eabi/lib/thumb/v7e-m/fpv4-sp/hard\libc_nano.a(lib_a-memcpy-stub.o)
 .ARM.attributes
                0x00000000000005bb       0x34 c:/st/stm32cubeide_1.0.2/stm32cubeide/plugins/com.st.stm32cube.ide.mcu.externaltools.gnu-tools-for-stm32.7-2018-q2-update.win32_1.0.0.201904181610/tools/bin/../lib/gcc/arm-none-eabi/7.3.1/../../../../arm-none-eabi/lib/thumb/v7e-m/fpv4-sp/hard\libc_nano.a(lib_a-memset.o)
 .ARM.attributes
                0x00000000000005ef       0x34 c:/st/stm32cubeide_1.0.2/stm32cubeide/plugins/com.st.stm32cube.ide.mcu.externaltools.gnu-tools-for-stm32.7-2018-q2-update.win32_1.0.0.201904181610/tools/bin/../lib/gcc/arm-none-eabi/7.3.1/../../../../arm-none-eabi/lib/thumb/v7e-m/fpv4-sp/hard\libm.a(lib_a-sf_tan.o)
 .ARM.attributes
                0x0000000000000623       0x34 c:/st/stm32cubeide_1.0.2/stm32cubeide/plugins/com.st.stm32cube.ide.mcu.externaltools.gnu-tools-for-stm32.7-2018-q2-update.win32_1.0.0.201904181610/tools/bin/../lib/gcc/arm-none-eabi/7.3.1/../../../../arm-none-eabi/lib/thumb/v7e-m/fpv4-sp/hard\libm.a(lib_a-w_fmod.o)
 .ARM.attributes
                0x0000000000000657       0x34 c:/st/stm32cubeide_1.0.2/stm32cubeide/plugins/com.st.stm32cube.ide.mcu.externaltools.gnu-tools-for-stm32.7-2018-q2-update.win32_1.0.0.201904181610/tools/bin/../lib/gcc/arm-none-eabi/7.3.1/../../../../arm-none-eabi/lib/thumb/v7e-m/fpv4-sp/hard\libm.a(lib_a-e_fmod.o)
 .ARM.attributes
                0x000000000000068b       0x34 c:/st/stm32cubeide_1.0.2/stm32cubeide/plugins/com.st.stm32cube.ide.mcu.externaltools.gnu-tools-for-stm32.7-2018-q2-update.win32_1.0.0.201904181610/tools/bin/../lib/gcc/arm-none-eabi/7.3.1/../../../../arm-none-eabi/lib/thumb/v7e-m/fpv4-sp/hard\libm.a(lib_a-ef_rem_pio2.o)
 .ARM.attributes
                0x00000000000006bf       0x34 c:/st/stm32cubeide_1.0.2/stm32cubeide/plugins/com.st.stm32cube.ide.mcu.externaltools.gnu-tools-for-stm32.7-2018-q2-update.win32_1.0.0.201904181610/tools/bin/../lib/gcc/arm-none-eabi/7.3.1/../../../../arm-none-eabi/lib/thumb/v7e-m/fpv4-sp/hard\libm.a(lib_a-kf_rem_pio2.o)
 .ARM.attributes
                0x00000000000006f3       0x34 c:/st/stm32cubeide_1.0.2/stm32cubeide/plugins/com.st.stm32cube.ide.mcu.externaltools.gnu-tools-for-stm32.7-2018-q2-update.win32_1.0.0.201904181610/tools/bin/../lib/gcc/arm-none-eabi/7.3.1/../../../../arm-none-eabi/lib/thumb/v7e-m/fpv4-sp/hard\libm.a(lib_a-kf_tan.o)
 .ARM.attributes
                0x0000000000000727       0x34 c:/st/stm32cubeide_1.0.2/stm32cubeide/plugins/com.st.stm32cube.ide.mcu.externaltools.gnu-tools-for-stm32.7-2018-q2-update.win32_1.0.0.201904181610/tools/bin/../lib/gcc/arm-none-eabi/7.3.1/../../../../arm-none-eabi/lib/thumb/v7e-m/fpv4-sp/hard\libm.a(lib_a-s_lib_ver.o)
 .ARM.attributes
                0x000000000000075b       0x34 c:/st/stm32cubeide_1.0.2/stm32cubeide/plugins/com.st.stm32cube.ide.mcu.externaltools.gnu-tools-for-stm32.7-2018-q2-update.win32_1.0.0.201904181610/tools/bin/../lib/gcc/arm-none-eabi/7.3.1/../../../../arm-none-eabi/lib/thumb/v7e-m/fpv4-sp/hard\libm.a(lib_a-s_matherr.o)
 .ARM.attributes
                0x000000000000078f       0x34 c:/st/stm32cubeide_1.0.2/stm32cubeide/plugins/com.st.stm32cube.ide.mcu.externaltools.gnu-tools-for-stm32.7-2018-q2-update.win32_1.0.0.201904181610/tools/bin/../lib/gcc/arm-none-eabi/7.3.1/../../../../arm-none-eabi/lib/thumb/v7e-m/fpv4-sp/hard\libm.a(lib_a-sf_fabs.o)
 .ARM.attributes
                0x00000000000007c3       0x34 c:/st/stm32cubeide_1.0.2/stm32cubeide/plugins/com.st.stm32cube.ide.mcu.externaltools.gnu-tools-for-stm32.7-2018-q2-update.win32_1.0.0.201904181610/tools/bin/../lib/gcc/arm-none-eabi/7.3.1/../../../../arm-none-eabi/lib/thumb/v7e-m/fpv4-sp/hard\libm.a(lib_a-sf_floor.o)
 .ARM.attributes
                0x00000000000007f7       0x34 c:/st/stm32cubeide_1.0.2/stm32cubeide/plugins/com.st.stm32cube.ide.mcu.externaltools.gnu-tools-for-stm32.7-2018-q2-update.win32_1.0.0.201904181610/tools/bin/../lib/gcc/arm-none-eabi/7.3.1/../../../../arm-none-eabi/lib/thumb/v7e-m/fpv4-sp/hard\libm.a(lib_a-sf_scalbn.o)
 .ARM.attributes
                0x000000000000082b       0x34 c:/st/stm32cubeide_1.0.2/stm32cubeide/plugins/com.st.stm32cube.ide.mcu.externaltools.gnu-tools-for-stm32.7-2018-q2-update.win32_1.0.0.201904181610/tools/bin/../lib/gcc/arm-none-eabi/7.3.1/../../../../arm-none-eabi/lib/thumb/v7e-m/fpv4-sp/hard\libm.a(lib_a-sf_copysign.o)
 .ARM.attributes
                0x000000000000085f       0x22 c:/st/stm32cubeide_1.0.2/stm32cubeide/plugins/com.st.stm32cube.ide.mcu.externaltools.gnu-tools-for-stm32.7-2018-q2-update.win32_1.0.0.201904181610/tools/bin/../lib/gcc/arm-none-eabi/7.3.1/thumb/v7e-m/fpv4-sp/hard\libgcc.a(_arm_addsubdf3.o)
 .ARM.attributes
                0x0000000000000881       0x22 c:/st/stm32cubeide_1.0.2/stm32cubeide/plugins/com.st.stm32cube.ide.mcu.externaltools.gnu-tools-for-stm32.7-2018-q2-update.win32_1.0.0.201904181610/tools/bin/../lib/gcc/arm-none-eabi/7.3.1/thumb/v7e-m/fpv4-sp/hard\libgcc.a(_arm_muldivdf3.o)
 .ARM.attributes
                0x00000000000008a3       0x22 c:/st/stm32cubeide_1.0.2/stm32cubeide/plugins/com.st.stm32cube.ide.mcu.externaltools.gnu-tools-for-stm32.7-2018-q2-update.win32_1.0.0.201904181610/tools/bin/../lib/gcc/arm-none-eabi/7.3.1/thumb/v7e-m/fpv4-sp/hard\libgcc.a(_arm_cmpdf2.o)
 .ARM.attributes
                0x00000000000008c5       0x22 c:/st/stm32cubeide_1.0.2/stm32cubeide/plugins/com.st.stm32cube.ide.mcu.externaltools.gnu-tools-for-stm32.7-2018-q2-update.win32_1.0.0.201904181610/tools/bin/../lib/gcc/arm-none-eabi/7.3.1/thumb/v7e-m/fpv4-sp/hard\libgcc.a(_arm_unorddf2.o)
 .ARM.attributes
                0x00000000000008e7       0x22 c:/st/stm32cubeide_1.0.2/stm32cubeide/plugins/com.st.stm32cube.ide.mcu.externaltools.gnu-tools-for-stm32.7-2018-q2-update.win32_1.0.0.201904181610/tools/bin/../lib/gcc/arm-none-eabi/7.3.1/thumb/v7e-m/fpv4-sp/hard\libgcc.a(_arm_fixunsdfsi.o)
 .ARM.attributes
                0x0000000000000909       0x22 c:/st/stm32cubeide_1.0.2/stm32cubeide/plugins/com.st.stm32cube.ide.mcu.externaltools.gnu-tools-for-stm32.7-2018-q2-update.win32_1.0.0.201904181610/tools/bin/../lib/gcc/arm-none-eabi/7.3.1/thumb/v7e-m/fpv4-sp/hard\libgcc.a(_arm_truncdfsf2.o)
 .ARM.attributes
                0x000000000000092b       0x22 c:/st/stm32cubeide_1.0.2/stm32cubeide/plugins/com.st.stm32cube.ide.mcu.externaltools.gnu-tools-for-stm32.7-2018-q2-update.win32_1.0.0.201904181610/tools/bin/../lib/gcc/arm-none-eabi/7.3.1/thumb/v7e-m/fpv4-sp/hard\libgcc.a(_aeabi_uldivmod.o)
 .ARM.attributes
                0x000000000000094d       0x34 c:/st/stm32cubeide_1.0.2/stm32cubeide/plugins/com.st.stm32cube.ide.mcu.externaltools.gnu-tools-for-stm32.7-2018-q2-update.win32_1.0.0.201904181610/tools/bin/../lib/gcc/arm-none-eabi/7.3.1/thumb/v7e-m/fpv4-sp/hard\libgcc.a(_udivmoddi4.o)
 .ARM.attributes
                0x0000000000000981       0x22 c:/st/stm32cubeide_1.0.2/stm32cubeide/plugins/com.st.stm32cube.ide.mcu.externaltools.gnu-tools-for-stm32.7-2018-q2-update.win32_1.0.0.201904181610/tools/bin/../lib/gcc/arm-none-eabi/7.3.1/thumb/v7e-m/fpv4-sp/hard\libgcc.a(_dvmd_tls.o)
 .ARM.attributes
                0x00000000000009a3       0x22 c:/st/stm32cubeide_1.0.2/stm32cubeide/plugins/com.st.stm32cube.ide.mcu.externaltools.gnu-tools-for-stm32.7-2018-q2-update.win32_1.0.0.201904181610/tools/bin/../lib/gcc/arm-none-eabi/7.3.1/thumb/v7e-m/fpv4-sp/hard/crtn.o
OUTPUT(Body-Synthesizer_STM32_F746ZG.elf elf32-littlearm)

.debug_info     0x0000000000000000    0x14f8b
 .debug_info    0x0000000000000000     0x181b Core/Src/Music_notes.o
 .debug_info    0x000000000000181b     0x10de Core/Src/filters.o
 .debug_info    0x00000000000028f9     0x2571 Core/Src/main.o
 .debug_info    0x0000000000004e6a     0x17e9 Core/Src/signal_synthesis.o
 .debug_info    0x0000000000006653      0xe18 Core/Src/sinLUT.o
 .debug_info    0x000000000000746b     0x1c4e Core/Src/stm32f7xx_hal_msp.o
 .debug_info    0x00000000000090b9     0x113c Core/Src/stm32f7xx_it.o
 .debug_info    0x000000000000a1f5      0x73d Core/Src/system_stm32f7xx.o
 .debug_info    0x000000000000a932       0x22 Core/Startup/startup_stm32f746zgtx.o
 .debug_info    0x000000000000a954      0x9d3 Drivers/STM32F7xx_HAL_Driver/Src/stm32f7xx_hal.o
 .debug_info    0x000000000000b327     0x104a Drivers/STM32F7xx_HAL_Driver/Src/stm32f7xx_hal_cortex.o
 .debug_info    0x000000000000c371      0xa3a Drivers/STM32F7xx_HAL_Driver/Src/stm32f7xx_hal_dac.o
 .debug_info    0x000000000000cdab      0x7c0 Drivers/STM32F7xx_HAL_Driver/Src/stm32f7xx_hal_dac_ex.o
 .debug_info    0x000000000000d56b      0x968 Drivers/STM32F7xx_HAL_Driver/Src/stm32f7xx_hal_dma.o
 .debug_info    0x000000000000ded3      0x7dc Drivers/STM32F7xx_HAL_Driver/Src/stm32f7xx_hal_gpio.o
 .debug_info    0x000000000000e6af      0x96b Drivers/STM32F7xx_HAL_Driver/Src/stm32f7xx_hal_pwr_ex.o
 .debug_info    0x000000000000f01a      0x935 Drivers/STM32F7xx_HAL_Driver/Src/stm32f7xx_hal_rcc.o
 .debug_info    0x000000000000f94f      0x7ad Drivers/STM32F7xx_HAL_Driver/Src/stm32f7xx_hal_rcc_ex.o
 .debug_info    0x00000000000100fc     0x25a2 Drivers/STM32F7xx_HAL_Driver/Src/stm32f7xx_hal_tim.o
 .debug_info    0x000000000001269e     0x121c Drivers/STM32F7xx_HAL_Driver/Src/stm32f7xx_hal_tim_ex.o
 .debug_info    0x00000000000138ba     0x16d1 Drivers/STM32F7xx_HAL_Driver/Src/stm32f7xx_hal_uart.o

.debug_abbrev   0x0000000000000000     0x2b2d
 .debug_abbrev  0x0000000000000000      0x2ad Core/Src/Music_notes.o
 .debug_abbrev  0x00000000000002ad      0x273 Core/Src/filters.o
 .debug_abbrev  0x0000000000000520      0x30b Core/Src/main.o
 .debug_abbrev  0x000000000000082b      0x2d2 Core/Src/signal_synthesis.o
 .debug_abbrev  0x0000000000000afd      0x1cf Core/Src/sinLUT.o
 .debug_abbrev  0x0000000000000ccc      0x2a7 Core/Src/stm32f7xx_hal_msp.o
 .debug_abbrev  0x0000000000000f73      0x210 Core/Src/stm32f7xx_it.o
 .debug_abbrev  0x0000000000001183      0x147 Core/Src/system_stm32f7xx.o
 .debug_abbrev  0x00000000000012ca       0x12 Core/Startup/startup_stm32f746zgtx.o
 .debug_abbrev  0x00000000000012dc      0x1c7 Drivers/STM32F7xx_HAL_Driver/Src/stm32f7xx_hal.o
 .debug_abbrev  0x00000000000014a3      0x2fa Drivers/STM32F7xx_HAL_Driver/Src/stm32f7xx_hal_cortex.o
 .debug_abbrev  0x000000000000179d      0x1e4 Drivers/STM32F7xx_HAL_Driver/Src/stm32f7xx_hal_dac.o
 .debug_abbrev  0x0000000000001981      0x1e8 Drivers/STM32F7xx_HAL_Driver/Src/stm32f7xx_hal_dac_ex.o
 .debug_abbrev  0x0000000000001b69      0x229 Drivers/STM32F7xx_HAL_Driver/Src/stm32f7xx_hal_dma.o
 .debug_abbrev  0x0000000000001d92      0x1c9 Drivers/STM32F7xx_HAL_Driver/Src/stm32f7xx_hal_gpio.o
 .debug_abbrev  0x0000000000001f5b      0x1b8 Drivers/STM32F7xx_HAL_Driver/Src/stm32f7xx_hal_pwr_ex.o
 .debug_abbrev  0x0000000000002113      0x21a Drivers/STM32F7xx_HAL_Driver/Src/stm32f7xx_hal_rcc.o
 .debug_abbrev  0x000000000000232d      0x1ad Drivers/STM32F7xx_HAL_Driver/Src/stm32f7xx_hal_rcc_ex.o
 .debug_abbrev  0x00000000000024da      0x230 Drivers/STM32F7xx_HAL_Driver/Src/stm32f7xx_hal_tim.o
 .debug_abbrev  0x000000000000270a      0x21e Drivers/STM32F7xx_HAL_Driver/Src/stm32f7xx_hal_tim_ex.o
 .debug_abbrev  0x0000000000002928      0x205 Drivers/STM32F7xx_HAL_Driver/Src/stm32f7xx_hal_uart.o

.debug_aranges  0x0000000000000000      0xf30
 .debug_aranges
                0x0000000000000000       0x40 Core/Src/Music_notes.o
 .debug_aranges
                0x0000000000000040       0x50 Core/Src/filters.o
 .debug_aranges
                0x0000000000000090       0x80 Core/Src/main.o
 .debug_aranges
                0x0000000000000110       0x48 Core/Src/signal_synthesis.o
 .debug_aranges
                0x0000000000000158       0x18 Core/Src/sinLUT.o
 .debug_aranges
                0x0000000000000170       0x50 Core/Src/stm32f7xx_hal_msp.o
 .debug_aranges
                0x00000000000001c0       0x70 Core/Src/stm32f7xx_it.o
 .debug_aranges
                0x0000000000000230       0x28 Core/Src/system_stm32f7xx.o
 .debug_aranges
                0x0000000000000258       0x28 Core/Startup/startup_stm32f746zgtx.o
 .debug_aranges
                0x0000000000000280      0x100 Drivers/STM32F7xx_HAL_Driver/Src/stm32f7xx_hal.o
 .debug_aranges
                0x0000000000000380      0x118 Drivers/STM32F7xx_HAL_Driver/Src/stm32f7xx_hal_cortex.o
 .debug_aranges
                0x0000000000000498       0xc0 Drivers/STM32F7xx_HAL_Driver/Src/stm32f7xx_hal_dac.o
 .debug_aranges
                0x0000000000000558       0x70 Drivers/STM32F7xx_HAL_Driver/Src/stm32f7xx_hal_dac_ex.o
 .debug_aranges
                0x00000000000005c8       0x90 Drivers/STM32F7xx_HAL_Driver/Src/stm32f7xx_hal_dma.o
 .debug_aranges
                0x0000000000000658       0x58 Drivers/STM32F7xx_HAL_Driver/Src/stm32f7xx_hal_gpio.o
 .debug_aranges
                0x00000000000006b0       0x80 Drivers/STM32F7xx_HAL_Driver/Src/stm32f7xx_hal_pwr_ex.o
 .debug_aranges
                0x0000000000000730       0x88 Drivers/STM32F7xx_HAL_Driver/Src/stm32f7xx_hal_rcc.o
 .debug_aranges
                0x00000000000007b8       0x50 Drivers/STM32F7xx_HAL_Driver/Src/stm32f7xx_hal_rcc_ex.o
 .debug_aranges
                0x0000000000000808      0x3b8 Drivers/STM32F7xx_HAL_Driver/Src/stm32f7xx_hal_tim.o
 .debug_aranges
                0x0000000000000bc0      0x160 Drivers/STM32F7xx_HAL_Driver/Src/stm32f7xx_hal_tim_ex.o
 .debug_aranges
                0x0000000000000d20      0x210 Drivers/STM32F7xx_HAL_Driver/Src/stm32f7xx_hal_uart.o

.debug_ranges   0x0000000000000000      0xde0
 .debug_ranges  0x0000000000000000       0x30 Core/Src/Music_notes.o
 .debug_ranges  0x0000000000000030       0x40 Core/Src/filters.o
 .debug_ranges  0x0000000000000070       0x70 Core/Src/main.o
 .debug_ranges  0x00000000000000e0       0x38 Core/Src/signal_synthesis.o
 .debug_ranges  0x0000000000000118       0x40 Core/Src/stm32f7xx_hal_msp.o
 .debug_ranges  0x0000000000000158       0x60 Core/Src/stm32f7xx_it.o
 .debug_ranges  0x00000000000001b8       0x18 Core/Src/system_stm32f7xx.o
 .debug_ranges  0x00000000000001d0       0x20 Core/Startup/startup_stm32f746zgtx.o
 .debug_ranges  0x00000000000001f0       0xf0 Drivers/STM32F7xx_HAL_Driver/Src/stm32f7xx_hal.o
 .debug_ranges  0x00000000000002e0      0x108 Drivers/STM32F7xx_HAL_Driver/Src/stm32f7xx_hal_cortex.o
 .debug_ranges  0x00000000000003e8       0xb0 Drivers/STM32F7xx_HAL_Driver/Src/stm32f7xx_hal_dac.o
 .debug_ranges  0x0000000000000498       0x60 Drivers/STM32F7xx_HAL_Driver/Src/stm32f7xx_hal_dac_ex.o
 .debug_ranges  0x00000000000004f8       0x80 Drivers/STM32F7xx_HAL_Driver/Src/stm32f7xx_hal_dma.o
 .debug_ranges  0x0000000000000578       0x48 Drivers/STM32F7xx_HAL_Driver/Src/stm32f7xx_hal_gpio.o
 .debug_ranges  0x00000000000005c0       0x70 Drivers/STM32F7xx_HAL_Driver/Src/stm32f7xx_hal_pwr_ex.o
 .debug_ranges  0x0000000000000630       0x78 Drivers/STM32F7xx_HAL_Driver/Src/stm32f7xx_hal_rcc.o
 .debug_ranges  0x00000000000006a8       0x40 Drivers/STM32F7xx_HAL_Driver/Src/stm32f7xx_hal_rcc_ex.o
 .debug_ranges  0x00000000000006e8      0x3a8 Drivers/STM32F7xx_HAL_Driver/Src/stm32f7xx_hal_tim.o
 .debug_ranges  0x0000000000000a90      0x150 Drivers/STM32F7xx_HAL_Driver/Src/stm32f7xx_hal_tim_ex.o
 .debug_ranges  0x0000000000000be0      0x200 Drivers/STM32F7xx_HAL_Driver/Src/stm32f7xx_hal_uart.o

.debug_macro    0x0000000000000000    0x2814a
 .debug_macro   0x0000000000000000      0x466 Core/Src/Music_notes.o
 .debug_macro   0x0000000000000466      0xa5a Core/Src/Music_notes.o
 .debug_macro   0x0000000000000ec0      0x18f Core/Src/Music_notes.o
 .debug_macro   0x000000000000104f       0x2e Core/Src/Music_notes.o
 .debug_macro   0x000000000000107d       0x3b Core/Src/Music_notes.o
 .debug_macro   0x00000000000010b8       0x22 Core/Src/Music_notes.o
 .debug_macro   0x00000000000010da       0x8e Core/Src/Music_notes.o
 .debug_macro   0x0000000000001168       0x51 Core/Src/Music_notes.o
 .debug_macro   0x00000000000011b9       0xef Core/Src/Music_notes.o
 .debug_macro   0x00000000000012a8       0x6a Core/Src/Music_notes.o
 .debug_macro   0x0000000000001312      0x1df Core/Src/Music_notes.o
 .debug_macro   0x00000000000014f1       0x1c Core/Src/Music_notes.o
 .debug_macro   0x000000000000150d       0x22 Core/Src/Music_notes.o
 .debug_macro   0x000000000000152f       0xdf Core/Src/Music_notes.o
 .debug_macro   0x000000000000160e     0x12cd Core/Src/Music_notes.o
 .debug_macro   0x00000000000028db      0x11f Core/Src/Music_notes.o
 .debug_macro   0x00000000000029fa       0x19 Core/Src/Music_notes.o
 .debug_macro   0x0000000000002a13    0x190f0 Core/Src/Music_notes.o
 .debug_macro   0x000000000001bb03       0x43 Core/Src/Music_notes.o
 .debug_macro   0x000000000001bb46     0x36b4 Core/Src/Music_notes.o
 .debug_macro   0x000000000001f1fa      0x174 Core/Src/Music_notes.o
 .debug_macro   0x000000000001f36e       0x61 Core/Src/Music_notes.o
 .debug_macro   0x000000000001f3cf     0x18ad Core/Src/Music_notes.o
 .debug_macro   0x0000000000020c7c      0x6c4 Core/Src/Music_notes.o
 .debug_macro   0x0000000000021340      0x185 Core/Src/Music_notes.o
 .debug_macro   0x00000000000214c5      0x117 Core/Src/Music_notes.o
 .debug_macro   0x00000000000215dc      0x1fe Core/Src/Music_notes.o
 .debug_macro   0x00000000000217da       0x27 Core/Src/Music_notes.o
 .debug_macro   0x0000000000021801      0x24f Core/Src/Music_notes.o
 .debug_macro   0x0000000000021a50       0x41 Core/Src/Music_notes.o
 .debug_macro   0x0000000000021a91       0x58 Core/Src/Music_notes.o
 .debug_macro   0x0000000000021ae9      0x236 Core/Src/Music_notes.o
 .debug_macro   0x0000000000021d1f       0xea Core/Src/Music_notes.o
 .debug_macro   0x0000000000021e09       0xa0 Core/Src/Music_notes.o
 .debug_macro   0x0000000000021ea9       0x3c Core/Src/Music_notes.o
 .debug_macro   0x0000000000021ee5      0x14f Core/Src/Music_notes.o
 .debug_macro   0x0000000000022034      0x25b Core/Src/Music_notes.o
 .debug_macro   0x000000000002228f       0x12 Core/Src/Music_notes.o
 .debug_macro   0x00000000000222a1      0x22c Core/Src/Music_notes.o
 .debug_macro   0x00000000000224cd       0x5a Core/Src/Music_notes.o
 .debug_macro   0x0000000000022527       0xa5 Core/Src/Music_notes.o
 .debug_macro   0x00000000000225cc      0x12f Core/Src/Music_notes.o
 .debug_macro   0x00000000000226fb      0x108 Core/Src/Music_notes.o
 .debug_macro   0x0000000000022803       0x35 Core/Src/Music_notes.o
 .debug_macro   0x0000000000022838      0xa2f Core/Src/Music_notes.o
 .debug_macro   0x0000000000023267       0x59 Core/Src/Music_notes.o
 .debug_macro   0x00000000000232c0      0x53c Core/Src/Music_notes.o
 .debug_macro   0x00000000000237fc       0x44 Core/Src/Music_notes.o
 .debug_macro   0x0000000000023840      0x14e Core/Src/Music_notes.o
 .debug_macro   0x000000000002398e       0x10 Core/Src/Music_notes.o
 .debug_macro   0x000000000002399e       0x46 Core/Src/Music_notes.o
 .debug_macro   0x00000000000239e4       0x18 Core/Src/Music_notes.o
 .debug_macro   0x00000000000239fc       0x3c Core/Src/Music_notes.o
 .debug_macro   0x0000000000023a38       0x34 Core/Src/Music_notes.o
 .debug_macro   0x0000000000023a6c       0x52 Core/Src/Music_notes.o
 .debug_macro   0x0000000000023abe       0x1f Core/Src/Music_notes.o
 .debug_macro   0x0000000000023add       0x43 Core/Src/Music_notes.o
 .debug_macro   0x0000000000023b20       0x20 Core/Src/Music_notes.o
 .debug_macro   0x0000000000023b40      0x1a3 Core/Src/Music_notes.o
 .debug_macro   0x0000000000023ce3      0x32a Core/Src/Music_notes.o
 .debug_macro   0x000000000002400d      0x1e1 Core/Src/Music_notes.o
 .debug_macro   0x00000000000241ee       0x1c Core/Src/Music_notes.o
 .debug_macro   0x000000000002420a       0x35 Core/Src/Music_notes.o
 .debug_macro   0x000000000002423f       0x10 Core/Src/Music_notes.o
 .debug_macro   0x000000000002424f       0x10 Core/Src/Music_notes.o
 .debug_macro   0x000000000002425f       0x1c Core/Src/Music_notes.o
 .debug_macro   0x000000000002427b       0x52 Core/Src/Music_notes.o
 .debug_macro   0x00000000000242cd       0x40 Core/Src/Music_notes.o
 .debug_macro   0x000000000002430d       0x10 Core/Src/Music_notes.o
 .debug_macro   0x000000000002431d       0x40 Core/Src/Music_notes.o
 .debug_macro   0x000000000002435d       0xd7 Core/Src/Music_notes.o
 .debug_macro   0x0000000000024434       0x1c Core/Src/Music_notes.o
 .debug_macro   0x0000000000024450       0x3d Core/Src/Music_notes.o
 .debug_macro   0x000000000002448d       0x16 Core/Src/Music_notes.o
 .debug_macro   0x00000000000244a3      0x145 Core/Src/Music_notes.o
 .debug_macro   0x00000000000245e8       0x16 Core/Src/Music_notes.o
 .debug_macro   0x00000000000245fe       0x16 Core/Src/Music_notes.o
 .debug_macro   0x0000000000024614       0x29 Core/Src/Music_notes.o
 .debug_macro   0x000000000002463d       0x4c Core/Src/Music_notes.o
 .debug_macro   0x0000000000024689       0x22 Core/Src/Music_notes.o
 .debug_macro   0x00000000000246ab       0x34 Core/Src/Music_notes.o
 .debug_macro   0x00000000000246df       0x16 Core/Src/Music_notes.o
 .debug_macro   0x00000000000246f5       0x20 Core/Src/Music_notes.o
 .debug_macro   0x0000000000024715      0x201 Core/Src/Music_notes.o
 .debug_macro   0x0000000000024916       0x2b Core/Src/Music_notes.o
 .debug_macro   0x0000000000024941      0x118 Core/Src/Music_notes.o
 .debug_macro   0x0000000000024a59      0x169 Core/Src/Music_notes.o
 .debug_macro   0x0000000000024bc2       0x10 Core/Src/Music_notes.o
 .debug_macro   0x0000000000024bd2      0x466 Core/Src/filters.o
 .debug_macro   0x0000000000025038      0x462 Core/Src/main.o
 .debug_macro   0x000000000002549a      0x460 Core/Src/signal_synthesis.o
 .debug_macro   0x00000000000258fa       0x5b Core/Src/signal_synthesis.o
 .debug_macro   0x0000000000025955      0x46c Core/Src/sinLUT.o
 .debug_macro   0x0000000000025dc1       0x2e Core/Src/sinLUT.o
 .debug_macro   0x0000000000025def      0x462 Core/Src/stm32f7xx_hal_msp.o
 .debug_macro   0x0000000000026251      0x46c Core/Src/stm32f7xx_it.o
 .debug_macro   0x00000000000266bd      0x202 Core/Src/system_stm32f7xx.o
 .debug_macro   0x00000000000268bf      0x220 Drivers/STM32F7xx_HAL_Driver/Src/stm32f7xx_hal.o
 .debug_macro   0x0000000000026adf      0x1fc Drivers/STM32F7xx_HAL_Driver/Src/stm32f7xx_hal_cortex.o
 .debug_macro   0x0000000000026cdb      0x1fd Drivers/STM32F7xx_HAL_Driver/Src/stm32f7xx_hal_dac.o
 .debug_macro   0x0000000000026ed8      0x1fc Drivers/STM32F7xx_HAL_Driver/Src/stm32f7xx_hal_dac_ex.o
 .debug_macro   0x00000000000270d4      0x202 Drivers/STM32F7xx_HAL_Driver/Src/stm32f7xx_hal_dma.o
 .debug_macro   0x00000000000272d6      0x232 Drivers/STM32F7xx_HAL_Driver/Src/stm32f7xx_hal_gpio.o
 .debug_macro   0x0000000000027508      0x214 Drivers/STM32F7xx_HAL_Driver/Src/stm32f7xx_hal_pwr_ex.o
 .debug_macro   0x000000000002771c      0x220 Drivers/STM32F7xx_HAL_Driver/Src/stm32f7xx_hal_rcc.o
 .debug_macro   0x000000000002793c      0x1fc Drivers/STM32F7xx_HAL_Driver/Src/stm32f7xx_hal_rcc_ex.o
 .debug_macro   0x0000000000027b38      0x1fd Drivers/STM32F7xx_HAL_Driver/Src/stm32f7xx_hal_tim.o
 .debug_macro   0x0000000000027d35      0x1fc Drivers/STM32F7xx_HAL_Driver/Src/stm32f7xx_hal_tim_ex.o
 .debug_macro   0x0000000000027f31      0x219 Drivers/STM32F7xx_HAL_Driver/Src/stm32f7xx_hal_uart.o

.debug_line     0x0000000000000000     0xe676
 .debug_line    0x0000000000000000      0xb49 Core/Src/Music_notes.o
 .debug_line    0x0000000000000b49      0xb62 Core/Src/filters.o
 .debug_line    0x00000000000016ab      0xc00 Core/Src/main.o
 .debug_line    0x00000000000022ab      0xc23 Core/Src/signal_synthesis.o
 .debug_line    0x0000000000002ece      0xa88 Core/Src/sinLUT.o
 .debug_line    0x0000000000003956      0xb52 Core/Src/stm32f7xx_hal_msp.o
 .debug_line    0x00000000000044a8      0xb6e Core/Src/stm32f7xx_it.o
 .debug_line    0x0000000000005016      0x73c Core/Src/system_stm32f7xx.o
 .debug_line    0x0000000000005752       0x86 Core/Startup/startup_stm32f746zgtx.o
 .debug_line    0x00000000000057d8      0x945 Drivers/STM32F7xx_HAL_Driver/Src/stm32f7xx_hal.o
 .debug_line    0x000000000000611d      0xa46 Drivers/STM32F7xx_HAL_Driver/Src/stm32f7xx_hal_cortex.o
 .debug_line    0x0000000000006b63      0x976 Drivers/STM32F7xx_HAL_Driver/Src/stm32f7xx_hal_dac.o
 .debug_line    0x00000000000074d9      0x839 Drivers/STM32F7xx_HAL_Driver/Src/stm32f7xx_hal_dac_ex.o
 .debug_line    0x0000000000007d12      0x9f1 Drivers/STM32F7xx_HAL_Driver/Src/stm32f7xx_hal_dma.o
 .debug_line    0x0000000000008703      0x92a Drivers/STM32F7xx_HAL_Driver/Src/stm32f7xx_hal_gpio.o
 .debug_line    0x000000000000902d      0x866 Drivers/STM32F7xx_HAL_Driver/Src/stm32f7xx_hal_pwr_ex.o
 .debug_line    0x0000000000009893      0x9bb Drivers/STM32F7xx_HAL_Driver/Src/stm32f7xx_hal_rcc.o
 .debug_line    0x000000000000a24e      0x92d Drivers/STM32F7xx_HAL_Driver/Src/stm32f7xx_hal_rcc_ex.o
 .debug_line    0x000000000000ab7b     0x1a62 Drivers/STM32F7xx_HAL_Driver/Src/stm32f7xx_hal_tim.o
 .debug_line    0x000000000000c5dd      0xdcd Drivers/STM32F7xx_HAL_Driver/Src/stm32f7xx_hal_tim_ex.o
 .debug_line    0x000000000000d3aa     0x12cc Drivers/STM32F7xx_HAL_Driver/Src/stm32f7xx_hal_uart.o

.debug_str      0x0000000000000000    0xf1696
 .debug_str     0x0000000000000000    0xed2ea Core/Src/Music_notes.o
                                      0xedc8c (size before relaxing)
 .debug_str     0x00000000000ed2ea       0xbd Core/Src/filters.o
                                      0xed66e (size before relaxing)
 .debug_str     0x00000000000ed3a7     0x1029 Core/Src/main.o
                                      0xeebda (size before relaxing)
 .debug_str     0x00000000000ee3d0      0x18d Core/Src/signal_synthesis.o
                                      0xedd24 (size before relaxing)
 .debug_str     0x00000000000ee55d       0x15 Core/Src/sinLUT.o
                                      0xed5a7 (size before relaxing)
 .debug_str     0x00000000000ee572       0xae Core/Src/stm32f7xx_hal_msp.o
                                      0xedf5f (size before relaxing)
 .debug_str     0x00000000000ee620       0xed Core/Src/stm32f7xx_it.o
                                      0xed8df (size before relaxing)
 .debug_str     0x00000000000ee70d      0x18d Core/Src/system_stm32f7xx.o
                                      0xe7723 (size before relaxing)
 .debug_str     0x00000000000ee89a       0x36 Core/Startup/startup_stm32f746zgtx.o
                                         0x75 (size before relaxing)
 .debug_str     0x00000000000ee8d0      0x37a Drivers/STM32F7xx_HAL_Driver/Src/stm32f7xx_hal.o
                                      0xe7fd5 (size before relaxing)
 .debug_str     0x00000000000eec4a      0x38f Drivers/STM32F7xx_HAL_Driver/Src/stm32f7xx_hal_cortex.o
                                      0xe807c (size before relaxing)
 .debug_str     0x00000000000eefd9      0x191 Drivers/STM32F7xx_HAL_Driver/Src/stm32f7xx_hal_dac.o
                                      0xe7a61 (size before relaxing)
 .debug_str     0x00000000000ef16a      0x124 Drivers/STM32F7xx_HAL_Driver/Src/stm32f7xx_hal_dac_ex.o
                                      0xe7991 (size before relaxing)
 .debug_str     0x00000000000ef28e      0x328 Drivers/STM32F7xx_HAL_Driver/Src/stm32f7xx_hal_dma.o
                                      0xe7a5d (size before relaxing)
 .debug_str     0x00000000000ef5b6      0x244 Drivers/STM32F7xx_HAL_Driver/Src/stm32f7xx_hal_gpio.o
                                      0xe78f9 (size before relaxing)
 .debug_str     0x00000000000ef7fa      0x1d1 Drivers/STM32F7xx_HAL_Driver/Src/stm32f7xx_hal_pwr_ex.o
                                      0xe799d (size before relaxing)
 .debug_str     0x00000000000ef9cb      0x278 Drivers/STM32F7xx_HAL_Driver/Src/stm32f7xx_hal_rcc.o
                                      0xe7a3e (size before relaxing)
 .debug_str     0x00000000000efc43      0x14f Drivers/STM32F7xx_HAL_Driver/Src/stm32f7xx_hal_rcc_ex.o
                                      0xe79c8 (size before relaxing)
 .debug_str     0x00000000000efd92      0xcc9 Drivers/STM32F7xx_HAL_Driver/Src/stm32f7xx_hal_tim.o
                                      0xe87af (size before relaxing)
 .debug_str     0x00000000000f0a5b      0x448 Drivers/STM32F7xx_HAL_Driver/Src/stm32f7xx_hal_tim_ex.o
                                      0xe8002 (size before relaxing)
 .debug_str     0x00000000000f0ea3      0x7f3 Drivers/STM32F7xx_HAL_Driver/Src/stm32f7xx_hal_uart.o
                                      0xe8282 (size before relaxing)

.comment        0x0000000000000000       0x7b
 .comment       0x0000000000000000       0x7b Core/Src/Music_notes.o
                                         0x7c (size before relaxing)
 .comment       0x000000000000007b       0x7c Core/Src/filters.o
 .comment       0x000000000000007b       0x7c Core/Src/main.o
 .comment       0x000000000000007b       0x7c Core/Src/signal_synthesis.o
 .comment       0x000000000000007b       0x7c Core/Src/sinLUT.o
 .comment       0x000000000000007b       0x7c Core/Src/stm32f7xx_hal_msp.o
 .comment       0x000000000000007b       0x7c Core/Src/stm32f7xx_it.o
 .comment       0x000000000000007b       0x7c Core/Src/system_stm32f7xx.o
 .comment       0x000000000000007b       0x7c Drivers/STM32F7xx_HAL_Driver/Src/stm32f7xx_hal.o
 .comment       0x000000000000007b       0x7c Drivers/STM32F7xx_HAL_Driver/Src/stm32f7xx_hal_cortex.o
 .comment       0x000000000000007b       0x7c Drivers/STM32F7xx_HAL_Driver/Src/stm32f7xx_hal_dac.o
 .comment       0x000000000000007b       0x7c Drivers/STM32F7xx_HAL_Driver/Src/stm32f7xx_hal_dac_ex.o
 .comment       0x000000000000007b       0x7c Drivers/STM32F7xx_HAL_Driver/Src/stm32f7xx_hal_dma.o
 .comment       0x000000000000007b       0x7c Drivers/STM32F7xx_HAL_Driver/Src/stm32f7xx_hal_gpio.o
 .comment       0x000000000000007b       0x7c Drivers/STM32F7xx_HAL_Driver/Src/stm32f7xx_hal_pwr_ex.o
 .comment       0x000000000000007b       0x7c Drivers/STM32F7xx_HAL_Driver/Src/stm32f7xx_hal_rcc.o
 .comment       0x000000000000007b       0x7c Drivers/STM32F7xx_HAL_Driver/Src/stm32f7xx_hal_rcc_ex.o
 .comment       0x000000000000007b       0x7c Drivers/STM32F7xx_HAL_Driver/Src/stm32f7xx_hal_tim.o
 .comment       0x000000000000007b       0x7c Drivers/STM32F7xx_HAL_Driver/Src/stm32f7xx_hal_tim_ex.o
 .comment       0x000000000000007b       0x7c Drivers/STM32F7xx_HAL_Driver/Src/stm32f7xx_hal_uart.o

.debug_frame    0x0000000000000000     0x434c
 .debug_frame   0x0000000000000000       0xd8 Core/Src/Music_notes.o
 .debug_frame   0x00000000000000d8      0x11c Core/Src/filters.o
 .debug_frame   0x00000000000001f4      0x1e4 Core/Src/main.o
 .debug_frame   0x00000000000003d8      0x110 Core/Src/signal_synthesis.o
 .debug_frame   0x00000000000004e8      0x118 Core/Src/stm32f7xx_hal_msp.o
 .debug_frame   0x0000000000000600      0x144 Core/Src/stm32f7xx_it.o
 .debug_frame   0x0000000000000744       0x58 Core/Src/system_stm32f7xx.o
 .debug_frame   0x000000000000079c      0x3b4 Drivers/STM32F7xx_HAL_Driver/Src/stm32f7xx_hal.o
 .debug_frame   0x0000000000000b50      0x498 Drivers/STM32F7xx_HAL_Driver/Src/stm32f7xx_hal_cortex.o
 .debug_frame   0x0000000000000fe8      0x338 Drivers/STM32F7xx_HAL_Driver/Src/stm32f7xx_hal_dac.o
 .debug_frame   0x0000000000001320      0x1bc Drivers/STM32F7xx_HAL_Driver/Src/stm32f7xx_hal_dac_ex.o
 .debug_frame   0x00000000000014dc      0x250 Drivers/STM32F7xx_HAL_Driver/Src/stm32f7xx_hal_dma.o
 .debug_frame   0x000000000000172c      0x14c Drivers/STM32F7xx_HAL_Driver/Src/stm32f7xx_hal_gpio.o
 .debug_frame   0x0000000000001878      0x1c8 Drivers/STM32F7xx_HAL_Driver/Src/stm32f7xx_hal_pwr_ex.o
 .debug_frame   0x0000000000001a40      0x1f4 Drivers/STM32F7xx_HAL_Driver/Src/stm32f7xx_hal_rcc.o
 .debug_frame   0x0000000000001c34      0x118 Drivers/STM32F7xx_HAL_Driver/Src/stm32f7xx_hal_rcc_ex.o
 .debug_frame   0x0000000000001d4c     0x1144 Drivers/STM32F7xx_HAL_Driver/Src/stm32f7xx_hal_tim.o
 .debug_frame   0x0000000000002e90      0x610 Drivers/STM32F7xx_HAL_Driver/Src/stm32f7xx_hal_tim_ex.o
 .debug_frame   0x00000000000034a0      0x96c Drivers/STM32F7xx_HAL_Driver/Src/stm32f7xx_hal_uart.o