main.c:81:6:HAL_DAC_ConvCpltCallbackCh1	16	static
main.c:91:6:HAL_DAC_ConvHalfCpltCallbackCh1	16	static
main.c:99:6:HAL_DACEx_ConvHalfCpltCallbackCh2	16	static
main.c:103:6:HAL_DACEx_ConvCpltCallbackCh2	16	static
main.c:112:5:main	104	static
main.c:251:6:SystemClock_Config	216	static
main.c:308:13:MX_DAC_Init	16	static
main.c:352:13:MX_TIM6_Init	24	static
main.c:390:13:MX_TIM8_Init	112	static
main.c:468:13:MX_USART3_UART_Init	8	static
main.c:501:13:MX_DMA_Init	16	static
main.c:522:13:MX_GPIO_Init	40	static
main.c:559:6:Error_Handler	4	static
