MPU6050_GY521.c:7:16:MPU6050_init	48	static
MPU6050_GY521.c:137:16:MPU6050_Read_Accl	32	static
MPU6050_GY521.c:155:16:MPU6050_Read_Gyro	32	static
MPU6050_GY521.c:177:16:MPU6050_Read_Sensor	40	static
MPU6050_GY521.c:201:16:MPU6050_Calculate_Mean	56	static
MPU6050_GY521.c:257:16:MPU6050_Calibrate	16	static
MPU6050_GY521.c:305:6:getAcclFilt	4	static
MPU6050_GY521.c:309:6:getGyroRoll	16	static
MPU6050_GY521.c:332:6:getAcclRoll	40	static
MPU6050_GY521.c:361:6:getAngleRoll	24	static
MPU6050_GY521.c:376:6:MPU6050_Display_Data	8	static
MPU6050_GY521.c:399:22:MPU6050_Detect_MovementHIGH_DOWN	32	static
MPU6050_GY521.c:483:22:MPU6050_Detect_MovementRIGHT_LEFT	32	static
MPU6050_GY521.c:619:9:MPU6050_GetIntReg	32	static
MPU6050_GY521.c:624:9:MPU6050_GetDMPIntReg	32	static
MPU6050_GY521.c:630:10:MPU6050_Read_FIFOcount	32	static
MPU6050_GY521.c:645:6:MPU6050_GetFiFoData	40	static
MPU6050_GY521.c:654:6:MPU6050_FIFO_RESET	32	static
MPU6050_GY521.c:664:6:MPU6050_Display_Data_DMP	1032	static
MPU6050_GY521.c:698:18:MPU6050_detectTilt	32	static
