MPU6050_GY521.c:7:16:MPU6050_init	48	static
MPU6050_GY521.c:127:16:MPU6050_Read_Accl	32	static
MPU6050_GY521.c:145:16:MPU6050_Read_Gyro	32	static
MPU6050_GY521.c:167:16:MPU6050_Read_Sensor	40	static
MPU6050_GY521.c:191:16:MPU6050_Calculate_Mean	56	static
MPU6050_GY521.c:247:16:MPU6050_Calibrate	16	static
MPU6050_GY521.c:295:6:getAcclFilt	4	static
MPU6050_GY521.c:299:6:getGyroRoll	16	static
MPU6050_GY521.c:322:6:getAcclRoll	40	static
MPU6050_GY521.c:351:6:getAngleRoll	24	static
MPU6050_GY521.c:366:6:MPU6050_Display_Data	8	static
MPU6050_GY521.c:383:9:MPU6050_GetIntReg	32	static
MPU6050_GY521.c:388:9:MPU6050_GetDMPIntReg	32	static
MPU6050_GY521.c:394:10:MPU6050_Read_FIFOcount	32	static
MPU6050_GY521.c:409:6:MPU6050_GetFiFoData	40	static
MPU6050_GY521.c:418:6:MPU6050_FIFO_RESET	32	static
MPU6050_GY521.c:428:6:MPU6050_Display_Data_DMP	1032	static
MPU6050_GY521.c:462:18:MPU6050_detectTilt	32	static
