MPU6050_GY521.c:7:16:MPU6050_init	48	static
MPU6050_GY521.c:127:16:MPU6050_Read_Accl	32	static
MPU6050_GY521.c:145:16:MPU6050_Read_Gyro	32	static
MPU6050_GY521.c:167:16:MPU6050_Read_Sensor	40	static
MPU6050_GY521.c:192:16:MPU6050_Calculate_Mean	56	static
MPU6050_GY521.c:248:16:MPU6050_Calibrate	16	static
MPU6050_GY521.c:296:6:getAcclFilt	4	static
MPU6050_GY521.c:300:6:getGyroRoll	16	static
MPU6050_GY521.c:323:6:getAcclRoll	40	static
MPU6050_GY521.c:352:6:getAngleRoll	24	static
MPU6050_GY521.c:367:6:MPU6050_Display_Data	8	static
MPU6050_GY521.c:394:22:MPU6050_Detect_Movement	4	static
MPU6050_GY521.c:458:9:MPU6050_GetIntReg	32	static
MPU6050_GY521.c:463:9:MPU6050_GetDMPIntReg	32	static
MPU6050_GY521.c:469:10:MPU6050_Read_FIFOcount	32	static
MPU6050_GY521.c:484:6:MPU6050_GetFiFoData	40	static
MPU6050_GY521.c:493:6:MPU6050_FIFO_RESET	32	static
MPU6050_GY521.c:503:6:MPU6050_Display_Data_DMP	1032	static
MPU6050_GY521.c:537:18:MPU6050_detectTilt	40	static
